--- cache_ext_s3pfifo crashed at 1769317565.1017568 ---
Command "["sudo", "kill", "-2", "12768"]" returned non-zero exit status 1.
[    0.000000] microcode: updated early: 0x43 -> 0x49, date = 2021-08-11
[    0.000000] Linux version 6.6.8-cache-ext+ (root@node0.cacheext.ldos-ut-pg0.wisc.cloudlab.us) (Ubuntu clang version 14.0.0-1ubuntu1.1, Ubuntu LLD 14.0.0) #1 SMP PREEMPT_DYNAMIC Sat Jan 24 19:05:04 CST 2026
[    0.000000] Command line: BOOT_IMAGE=/boot/vmlinuz-6.6.8-cache-ext+ root=UUID=571337a8-0ea6-44bd-9cfc-6cb9719427c1 ro console=ttyS0,115200 emulabcnet=70:e4:22:83:d2:7e
[    0.000000] KERNEL supported cpus:
[    0.000000]   Intel GenuineIntel
[    0.000000]   AMD AuthenticAMD
[    0.000000]   Hygon HygonGenuine
[    0.000000]   Centaur CentaurHauls
[    0.000000]   zhaoxin   Shanghai  
[    0.000000] BIOS-provided physical RAM map:
[    0.000000] BIOS-e820: [mem 0x0000000000000000-0x0000000000099bff] usable
[    0.000000] BIOS-e820: [mem 0x0000000000099c00-0x000000000009ffff] reserved
[    0.000000] BIOS-e820: [mem 0x00000000000e0000-0x00000000000fffff] reserved
[    0.000000] BIOS-e820: [mem 0x0000000000100000-0x00000000790cefff] usable
[    0.000000] BIOS-e820: [mem 0x00000000790cf000-0x00000000798c7fff] reserved
[    0.000000] BIOS-e820: [mem 0x00000000798c8000-0x0000000079944fff] ACPI data
[    0.000000] BIOS-e820: [mem 0x0000000079945000-0x0000000079eb3fff] ACPI NVS
[    0.000000] BIOS-e820: [mem 0x0000000079eb4000-0x000000008fffffff] reserved
[    0.000000] BIOS-e820: [mem 0x00000000fed1c000-0x00000000fed44fff] reserved
[    0.000000] BIOS-e820: [mem 0x00000000ff000000-0x00000000ffffffff] reserved
[    0.000000] BIOS-e820: [mem 0x0000000100000000-0x000000287fffffff] usable
[    0.000000] NX (Execute Disable) protection: active
[    0.000000] APIC: Static calls initialized
[    0.000000] SMBIOS 3.0 present.
[    0.000000] DMI: Cisco Systems Inc UCSC-C220-M4S/UCSC-C220-M4S, BIOS C220M4.4.1.2c.0.0202211901 02/02/2021
[    0.000000] tsc: Fast TSC calibration using PIT
[    0.000000] tsc: Detected 2593.905 MHz processor
[    0.000592] e820: update [mem 0x00000000-0x00000fff] usable ==> reserved
[    0.000596] e820: remove [mem 0x000a0000-0x000fffff] usable
[    0.000602] last_pfn = 0x2880000 max_arch_pfn = 0x400000000
[    0.000607] MTRR map: 5 entries (3 fixed + 2 variable; max 23), built from 10 variable MTRRs
[    0.000610] x86/PAT: Configuration [0-7]: WB  WC  UC- UC  WB  WP  UC- WT  
[    0.001147] last_pfn = 0x790cf max_arch_pfn = 0x400000000
[    0.008086] found SMP MP-table at [mem 0x000fcd00-0x000fcd0f]
[    0.008100] Using GB pages for direct mapping
[    0.008303] RAMDISK: [mem 0x3289d000-0x35445fff]
[    0.008309] ACPI: Early table checksum verification disabled
[    0.008313] ACPI: RSDP 0x00000000000F05B0 000024 (v02 Cisco0)
[    0.008317] ACPI: XSDT 0x00000000798E10A8 0000D4 (v01 Cisco0 CiscoUCS 01072009 AMI  00010013)
[    0.008324] ACPI: FACP 0x0000000079915A70 00010C (v05 Cisco0 CiscoUCS 01072009 AMI  00010013)
[    0.008331] ACPI: DSDT 0x00000000798E1210 03485C (v02 Cisco0 CiscoUCS 01072009 INTL 20091013)
[    0.008334] ACPI: FACS 0x0000000079EB2F80 000040
[    0.008337] ACPI: APIC 0x0000000079915B80 000294 (v03 Cisco0 CiscoUCS 01072009 AMI  00010013)
[    0.008340] ACPI: FPDT 0x0000000079915E18 000044 (v01 Cisco0 CiscoUCS 01072009 AMI  00010013)
[    0.008344] ACPI: FIDT 0x0000000079915E60 00009C (v01 Cisco0 CiscoUCS 01072009 AMI  00010013)
[    0.008347] ACPI: SPMI 0x0000000079915F00 000041 (v05 Cisco0 CiscoUCS 00000000 AMI. 00000000)
[    0.008350] ACPI: MCFG 0x0000000079915F48 00003C (v01 Cisco0 CiscoUCS 01072009 MSFT 00000097)
[    0.008353] ACPI: UEFI 0x0000000079915F88 000042 (v01 Cisco0 CiscoUCS 01072009      00000000)
[    0.008356] ACPI: HPET 0x0000000079915FD0 000038 (v01 Cisco0 CiscoUCS 00000001 INTL 20091013)
[    0.008359] ACPI: MSCT 0x0000000079916008 000090 (v01 Cisco0 CiscoUCS 00000001 INTL 20091013)
[    0.008362] ACPI: SLIT 0x0000000079916098 000030 (v01 Cisco0 CiscoUCS 00000001 INTL 20091013)
[    0.008365] ACPI: SRAT 0x00000000799160C8 001158 (v03 Cisco0 CiscoUCS 00000001 INTL 20091013)
[    0.008369] ACPI: WDDT 0x0000000079917220 000040 (v01 Cisco0 CiscoUCS 00000000 INTL 20091013)
[    0.008372] ACPI: SSDT 0x0000000079917260 0171BD (v02 Cisco0 PmMgt    00000002 INTL 20120913)
[    0.008375] ACPI: NITR 0x000000007992E420 000071 (v02 Cisco0 CiscoUCS 00000001 INTL 20091013)
[    0.008378] ACPI: SSDT 0x000000007992E498 002654 (v02 Cisco0 SpsNm    00000002 INTL 20120913)
[    0.008381] ACPI: SSDT 0x0000000079930AF0 000064 (v02 Cisco0 SpsNvs   00000002 INTL 20120913)
[    0.008384] ACPI: PRAD 0x0000000079930B58 000102 (v02 Cisco0 CiscoUCS 00000002 INTL 20120913)
[    0.008387] ACPI: DMAR 0x0000000079930C60 000100 (v01 Cisco0 CiscoUCS 00000001 INTL 20091013)
[    0.008390] ACPI: HEST 0x0000000079930D60 0000A8 (v01 Cisco0 CiscoUCS 00000001 INTL 00000001)
[    0.008394] ACPI: BERT 0x0000000079930E08 000030 (v01 Cisco0 CiscoUCS 00000001 INTL 00000001)
[    0.008397] ACPI: ERST 0x0000000079930E38 000230 (v01 Cisco0 CiscoUCS 00000001 INTL 00000001)
[    0.008400] ACPI: EINJ 0x0000000079931068 000130 (v01 Cisco0 CiscoUCS 00000001 INTL 00000001)
[    0.008402] ACPI: Reserving FACP table memory at [mem 0x79915a70-0x79915b7b]
[    0.008404] ACPI: Reserving DSDT table memory at [mem 0x798e1210-0x79915a6b]
[    0.008405] ACPI: Reserving FACS table memory at [mem 0x79eb2f80-0x79eb2fbf]
[    0.008406] ACPI: Reserving APIC table memory at [mem 0x79915b80-0x79915e13]
[    0.008406] ACPI: Reserving FPDT table memory at [mem 0x79915e18-0x79915e5b]
[    0.008407] ACPI: Reserving FIDT table memory at [mem 0x79915e60-0x79915efb]
[    0.008408] ACPI: Reserving SPMI table memory at [mem 0x79915f00-0x79915f40]
[    0.008409] ACPI: Reserving MCFG table memory at [mem 0x79915f48-0x79915f83]
[    0.008410] ACPI: Reserving UEFI table memory at [mem 0x79915f88-0x79915fc9]
[    0.008410] ACPI: Reserving HPET table memory at [mem 0x79915fd0-0x79916007]
[    0.008411] ACPI: Reserving MSCT table memory at [mem 0x79916008-0x79916097]
[    0.008412] ACPI: Reserving SLIT table memory at [mem 0x79916098-0x799160c7]
[    0.008413] ACPI: Reserving SRAT table memory at [mem 0x799160c8-0x7991721f]
[    0.008414] ACPI: Reserving WDDT table memory at [mem 0x79917220-0x7991725f]
[    0.008414] ACPI: Reserving SSDT table memory at [mem 0x79917260-0x7992e41c]
[    0.008415] ACPI: Reserving NITR table memory at [mem 0x7992e420-0x7992e490]
[    0.008416] ACPI: Reserving SSDT table memory at [mem 0x7992e498-0x79930aeb]
[    0.008417] ACPI: Reserving SSDT table memory at [mem 0x79930af0-0x79930b53]
[    0.008418] ACPI: Reserving PRAD table memory at [mem 0x79930b58-0x79930c59]
[    0.008419] ACPI: Reserving DMAR table memory at [mem 0x79930c60-0x79930d5f]
[    0.008419] ACPI: Reserving HEST table memory at [mem 0x79930d60-0x79930e07]
[    0.008420] ACPI: Reserving BERT table memory at [mem 0x79930e08-0x79930e37]
[    0.008421] ACPI: Reserving ERST table memory at [mem 0x79930e38-0x79931067]
[    0.008422] ACPI: Reserving EINJ table memory at [mem 0x79931068-0x79931197]
[    0.008458] SRAT: PXM 0 -> APIC 0x00 -> Node 0
[    0.008460] SRAT: PXM 0 -> APIC 0x02 -> Node 0
[    0.008460] SRAT: PXM 0 -> APIC 0x04 -> Node 0
[    0.008461] SRAT: PXM 0 -> APIC 0x06 -> Node 0
[    0.008462] SRAT: PXM 0 -> APIC 0x08 -> Node 0
[    0.008462] SRAT: PXM 0 -> APIC 0x10 -> Node 0
[    0.008463] SRAT: PXM 0 -> APIC 0x12 -> Node 0
[    0.008464] SRAT: PXM 0 -> APIC 0x14 -> Node 0
[    0.008465] SRAT: PXM 0 -> APIC 0x16 -> Node 0
[    0.008465] SRAT: PXM 0 -> APIC 0x18 -> Node 0
[    0.008466] SRAT: PXM 1 -> APIC 0x20 -> Node 1
[    0.008467] SRAT: PXM 1 -> APIC 0x22 -> Node 1
[    0.008468] SRAT: PXM 1 -> APIC 0x24 -> Node 1
[    0.008468] SRAT: PXM 1 -> APIC 0x26 -> Node 1
[    0.008469] SRAT: PXM 1 -> APIC 0x28 -> Node 1
[    0.008470] SRAT: PXM 1 -> APIC 0x30 -> Node 1
[    0.008470] SRAT: PXM 1 -> APIC 0x32 -> Node 1
[    0.008471] SRAT: PXM 1 -> APIC 0x34 -> Node 1
[    0.008472] SRAT: PXM 1 -> APIC 0x36 -> Node 1
[    0.008472] SRAT: PXM 1 -> APIC 0x38 -> Node 1
[    0.008473] SRAT: PXM 0 -> APIC 0x01 -> Node 0
[    0.008474] SRAT: PXM 0 -> APIC 0x03 -> Node 0
[    0.008474] SRAT: PXM 0 -> APIC 0x05 -> Node 0
[    0.008475] SRAT: PXM 0 -> APIC 0x07 -> Node 0
[    0.008476] SRAT: PXM 0 -> APIC 0x09 -> Node 0
[    0.008476] SRAT: PXM 0 -> APIC 0x11 -> Node 0
[    0.008477] SRAT: PXM 0 -> APIC 0x13 -> Node 0
[    0.008478] SRAT: PXM 0 -> APIC 0x15 -> Node 0
[    0.008478] SRAT: PXM 0 -> APIC 0x17 -> Node 0
[    0.008479] SRAT: PXM 0 -> APIC 0x19 -> Node 0
[    0.008480] SRAT: PXM 1 -> APIC 0x21 -> Node 1
[    0.008480] SRAT: PXM 1 -> APIC 0x23 -> Node 1
[    0.008481] SRAT: PXM 1 -> APIC 0x25 -> Node 1
[    0.008482] SRAT: PXM 1 -> APIC 0x27 -> Node 1
[    0.008482] SRAT: PXM 1 -> APIC 0x29 -> Node 1
[    0.008483] SRAT: PXM 1 -> APIC 0x31 -> Node 1
[    0.008484] SRAT: PXM 1 -> APIC 0x33 -> Node 1
[    0.008484] SRAT: PXM 1 -> APIC 0x35 -> Node 1
[    0.008485] SRAT: PXM 1 -> APIC 0x37 -> Node 1
[    0.008486] SRAT: PXM 1 -> APIC 0x39 -> Node 1
[    0.008493] ACPI: SRAT: Node 0 PXM 0 [mem 0x00000000-0x7fffffff]
[    0.008495] ACPI: SRAT: Node 0 PXM 0 [mem 0x100000000-0x107fffffff]
[    0.008497] ACPI: SRAT: Node 0 PXM 0 [mem 0x1080000000-0x147fffffff]
[    0.008498] ACPI: SRAT: Node 1 PXM 1 [mem 0x1480000000-0x247fffffff]
[    0.008499] ACPI: SRAT: Node 1 PXM 1 [mem 0x2480000000-0x287fffffff]
[    0.008504] NUMA: Initialized distance table, cnt=2
[    0.008508] NUMA: Node 0 [mem 0x00000000-0x7fffffff] + [mem 0x100000000-0x107fffffff] -> [mem 0x00000000-0x107fffffff]
[    0.008510] NUMA: Node 0 [mem 0x00000000-0x107fffffff] + [mem 0x1080000000-0x147fffffff] -> [mem 0x00000000-0x147fffffff]
[    0.008512] NUMA: Node 1 [mem 0x1480000000-0x247fffffff] + [mem 0x2480000000-0x287fffffff] -> [mem 0x1480000000-0x287fffffff]
[    0.008523] NODE_DATA(0) allocated [mem 0x147ffd5000-0x147fffffff]
[    0.008545] NODE_DATA(1) allocated [mem 0x287ffd2000-0x287fffcfff]
[    0.008871] Zone ranges:
[    0.008872]   DMA      [mem 0x0000000000001000-0x0000000000ffffff]
[    0.008874]   DMA32    [mem 0x0000000001000000-0x00000000ffffffff]
[    0.008876]   Normal   [mem 0x0000000100000000-0x000000287fffffff]
[    0.008878]   Device   empty
[    0.008879] Movable zone start for each node
[    0.008882] Early memory node ranges
[    0.008882]   node   0: [mem 0x0000000000001000-0x0000000000098fff]
[    0.008884]   node   0: [mem 0x0000000000100000-0x00000000790cefff]
[    0.008885]   node   0: [mem 0x0000000100000000-0x000000147fffffff]
[    0.008891]   node   1: [mem 0x0000001480000000-0x000000287fffffff]
[    0.008898] Initmem setup node 0 [mem 0x0000000000001000-0x000000147fffffff]
[    0.008901] Initmem setup node 1 [mem 0x0000001480000000-0x000000287fffffff]
[    0.008908] On node 0, zone DMA: 1 pages in unavailable ranges
[    0.008973] On node 0, zone DMA: 103 pages in unavailable ranges
[    0.302184] On node 0, zone Normal: 28465 pages in unavailable ranges
[    0.622608] ACPI: PM-Timer IO Port: 0x408
[    0.622626] ACPI: LAPIC_NMI (acpi_id[0x00] high edge lint[0x1])
[    0.622628] ACPI: LAPIC_NMI (acpi_id[0x02] high edge lint[0x1])
[    0.622629] ACPI: LAPIC_NMI (acpi_id[0x04] high edge lint[0x1])
[    0.622630] ACPI: LAPIC_NMI (acpi_id[0x06] high edge lint[0x1])
[    0.622631] ACPI: LAPIC_NMI (acpi_id[0x08] high edge lint[0x1])
[    0.622632] ACPI: LAPIC_NMI (acpi_id[0x10] high edge lint[0x1])
[    0.622633] ACPI: LAPIC_NMI (acpi_id[0x12] high edge lint[0x1])
[    0.622634] ACPI: LAPIC_NMI (acpi_id[0x14] high edge lint[0x1])
[    0.622635] ACPI: LAPIC_NMI (acpi_id[0x16] high edge lint[0x1])
[    0.622636] ACPI: LAPIC_NMI (acpi_id[0x18] high edge lint[0x1])
[    0.622637] ACPI: LAPIC_NMI (acpi_id[0x20] high edge lint[0x1])
[    0.622638] ACPI: LAPIC_NMI (acpi_id[0x22] high edge lint[0x1])
[    0.622639] ACPI: LAPIC_NMI (acpi_id[0x24] high edge lint[0x1])
[    0.622639] ACPI: LAPIC_NMI (acpi_id[0x26] high edge lint[0x1])
[    0.622640] ACPI: LAPIC_NMI (acpi_id[0x28] high edge lint[0x1])
[    0.622641] ACPI: LAPIC_NMI (acpi_id[0x30] high edge lint[0x1])
[    0.622642] ACPI: LAPIC_NMI (acpi_id[0x32] high edge lint[0x1])
[    0.622643] ACPI: LAPIC_NMI (acpi_id[0x34] high edge lint[0x1])
[    0.622644] ACPI: LAPIC_NMI (acpi_id[0x36] high edge lint[0x1])
[    0.622645] ACPI: LAPIC_NMI (acpi_id[0x38] high edge lint[0x1])
[    0.622645] ACPI: LAPIC_NMI (acpi_id[0x01] high edge lint[0x1])
[    0.622646] ACPI: LAPIC_NMI (acpi_id[0x03] high edge lint[0x1])
[    0.622647] ACPI: LAPIC_NMI (acpi_id[0x05] high edge lint[0x1])
[    0.622648] ACPI: LAPIC_NMI (acpi_id[0x07] high edge lint[0x1])
[    0.622649] ACPI: LAPIC_NMI (acpi_id[0x09] high edge lint[0x1])
[    0.622649] ACPI: LAPIC_NMI (acpi_id[0x11] high edge lint[0x1])
[    0.622650] ACPI: LAPIC_NMI (acpi_id[0x13] high edge lint[0x1])
[    0.622651] ACPI: LAPIC_NMI (acpi_id[0x15] high edge lint[0x1])
[    0.622652] ACPI: LAPIC_NMI (acpi_id[0x17] high edge lint[0x1])
[    0.622652] ACPI: LAPIC_NMI (acpi_id[0x19] high edge lint[0x1])
[    0.622653] ACPI: LAPIC_NMI (acpi_id[0x21] high edge lint[0x1])
[    0.622654] ACPI: LAPIC_NMI (acpi_id[0x23] high edge lint[0x1])
[    0.622655] ACPI: LAPIC_NMI (acpi_id[0x25] high edge lint[0x1])
[    0.622656] ACPI: LAPIC_NMI (acpi_id[0x27] high edge lint[0x1])
[    0.622656] ACPI: LAPIC_NMI (acpi_id[0x29] high edge lint[0x1])
[    0.622657] ACPI: LAPIC_NMI (acpi_id[0x31] high edge lint[0x1])
[    0.622658] ACPI: LAPIC_NMI (acpi_id[0x33] high edge lint[0x1])
[    0.622659] ACPI: LAPIC_NMI (acpi_id[0x35] high edge lint[0x1])
[    0.622660] ACPI: LAPIC_NMI (acpi_id[0x37] high edge lint[0x1])
[    0.622661] ACPI: LAPIC_NMI (acpi_id[0x39] high edge lint[0x1])
[    0.622671] IOAPIC[0]: apic_id 1, version 32, address 0xfec00000, GSI 0-23
[    0.622677] IOAPIC[1]: apic_id 2, version 32, address 0xfec01000, GSI 24-47
[    0.622681] IOAPIC[2]: apic_id 3, version 32, address 0xfec40000, GSI 48-71
[    0.622684] ACPI: INT_SRC_OVR (bus 0 bus_irq 0 global_irq 2 dfl dfl)
[    0.622686] ACPI: INT_SRC_OVR (bus 0 bus_irq 9 global_irq 9 high level)
[    0.622691] ACPI: Using ACPI (MADT) for SMP configuration information
[    0.622693] ACPI: HPET id: 0x8086a701 base: 0xfed00000
[    0.622698] TSC deadline timer available
[    0.622699] smpboot: Allowing 40 CPUs, 0 hotplug CPUs
[    0.622713] PM: hibernation: Registered nosave memory: [mem 0x00000000-0x00000fff]
[    0.622714] PM: hibernation: Registered nosave memory: [mem 0x00099000-0x00099fff]
[    0.622715] PM: hibernation: Registered nosave memory: [mem 0x0009a000-0x0009ffff]
[    0.622716] PM: hibernation: Registered nosave memory: [mem 0x000a0000-0x000dffff]
[    0.622717] PM: hibernation: Registered nosave memory: [mem 0x000e0000-0x000fffff]
[    0.622718] PM: hibernation: Registered nosave memory: [mem 0x790cf000-0x798c7fff]
[    0.622719] PM: hibernation: Registered nosave memory: [mem 0x798c8000-0x79944fff]
[    0.622720] PM: hibernation: Registered nosave memory: [mem 0x79945000-0x79eb3fff]
[    0.622721] PM: hibernation: Registered nosave memory: [mem 0x79eb4000-0x8fffffff]
[    0.622722] PM: hibernation: Registered nosave memory: [mem 0x90000000-0xfed1bfff]
[    0.622723] PM: hibernation: Registered nosave memory: [mem 0xfed1c000-0xfed44fff]
[    0.622724] PM: hibernation: Registered nosave memory: [mem 0xfed45000-0xfeffffff]
[    0.622725] PM: hibernation: Registered nosave memory: [mem 0xff000000-0xffffffff]
[    0.622727] [mem 0x90000000-0xfed1bfff] available for PCI devices
[    0.622728] Booting paravirtualized kernel on bare hardware
[    0.622731] clocksource: refined-jiffies: mask: 0xffffffff max_cycles: 0xffffffff, max_idle_ns: 7645519600211568 ns
[    0.622738] setup_percpu: NR_CPUS:8192 nr_cpumask_bits:40 nr_cpu_ids:40 nr_node_ids:2
[    0.626721] percpu: Embedded 68 pages/cpu s241664 r8192 d28672 u524288
[    0.626730] pcpu-alloc: s241664 r8192 d28672 u524288 alloc=1*2097152
[    0.626733] pcpu-alloc: [0] 00 01 02 03 [0] 04 05 06 07 
[    0.626739] pcpu-alloc: [0] 08 09 20 21 [0] 22 23 24 25 
[    0.626745] pcpu-alloc: [0] 26 27 28 29 [1] 10 11 12 13 
[    0.626750] pcpu-alloc: [1] 14 15 16 17 [1] 18 19 30 31 
[    0.626755] pcpu-alloc: [1] 32 33 34 35 [1] 36 37 38 39 
[    0.626779] Kernel command line: BOOT_IMAGE=/boot/vmlinuz-6.6.8-cache-ext+ root=UUID=571337a8-0ea6-44bd-9cfc-6cb9719427c1 ro console=ttyS0,115200 emulabcnet=70:e4:22:83:d2:7e
[    0.626843] Unknown kernel command line parameters "BOOT_IMAGE=/boot/vmlinuz-6.6.8-cache-ext+ emulabcnet=70:e4:22:83:d2:7e", will be passed to user space.
[    0.626863] random: crng init done
[    0.626865] printk: log_buf_len individual max cpu contribution: 4096 bytes
[    0.626866] printk: log_buf_len total cpu_extra contributions: 159744 bytes
[    0.626866] printk: log_buf_len min size: 262144 bytes
[    0.627430] printk: log_buf_len: 524288 bytes
[    0.627431] printk: early log buf free: 246384(93%)
[    0.628010] Fallback order for Node 0: 0 1 
[    0.628013] Fallback order for Node 1: 1 0 
[    0.628017] Built 2 zonelists, mobility grouping on.  Total pages: 41259403
[    0.628019] Policy zone: Normal
[    0.628024] mem auto-init: stack:off, heap alloc:on, heap free:off
[    0.628035] software IO TLB: area num 64.
[    1.290454] Memory: 164867840K/167657884K available (18432K kernel code, 3643K rwdata, 11076K rodata, 3072K init, 5388K bss, 2789788K reserved, 0K cma-reserved)
[    1.290932] SLUB: HWalign=64, Order=0-3, MinObjects=0, CPUs=40, Nodes=2
[    1.290957] Kernel/User page tables isolation: enabled
[    1.291021] ftrace: allocating 51137 entries in 200 pages
[    1.291335] ftrace: allocated 200 pages with 3 groups
[    1.292398] Dynamic Preempt: voluntary
[    1.292607] rcu: Preemptible hierarchical RCU implementation.
[    1.292608] rcu: 	RCU restricting CPUs from NR_CPUS=8192 to nr_cpu_ids=40.
[    1.292610] 	Trampoline variant of Tasks RCU enabled.
[    1.292611] 	Rude variant of Tasks RCU enabled.
[    1.292612] 	Tracing variant of Tasks RCU enabled.
[    1.292613] rcu: RCU calculated value of scheduler-enlistment delay is 25 jiffies.
[    1.292614] rcu: Adjusting geometry for rcu_fanout_leaf=16, nr_cpu_ids=40
[    1.295898] NR_IRQS: 524544, nr_irqs: 1560, preallocated irqs: 16
[    1.296139] rcu: srcu_init: Setting srcu_struct sizes based on contention.
[    1.302565] Console: colour VGA+ 80x25
[    1.302595] printk: console [ttyS0] enabled
[    3.050957] mempolicy: Enabling automatic NUMA balancing. Configure with numa_balancing= or the kernel.numa_balancing sysctl
[    3.063479] ACPI: Core revision 20230628
[    3.068082] clocksource: hpet: mask: 0xffffffff max_cycles: 0xffffffff, max_idle_ns: 133484882848 ns
[    3.078286] APIC: Switch to symmetric I/O mode setup
[    3.083842] DMAR: Host address width 46
[    3.088128] DMAR: DRHD base: 0x000000fbffc000 flags: 0x0
[    3.094065] DMAR: dmar0: reg_base_addr fbffc000 ver 1:0 cap d2078c106f0466 ecap f020de
[    3.102907] DMAR: DRHD base: 0x000000c7ffc000 flags: 0x1
[    3.108849] DMAR: dmar1: reg_base_addr c7ffc000 ver 1:0 cap d2078c106f0466 ecap f020de
[    3.117690] DMAR: RMRR base: 0x0000007bb4a000 end: 0x0000007bb5afff
[    3.124691] DMAR: ATSR flags: 0x0
[    3.128394] DMAR: RHSA base: 0x000000c7ffc000 proximity domain: 0x0
[    3.135393] DMAR: RHSA base: 0x000000fbffc000 proximity domain: 0x1
[    3.142391] DMAR-IR: IOAPIC id 3 under DRHD base  0xfbffc000 IOMMU 0
[    3.149487] DMAR-IR: IOAPIC id 1 under DRHD base  0xc7ffc000 IOMMU 1
[    3.156582] DMAR-IR: IOAPIC id 2 under DRHD base  0xc7ffc000 IOMMU 1
[    3.163677] DMAR-IR: HPET id 0 under DRHD base 0xc7ffc000
[    3.169706] DMAR-IR: x2apic is disabled because BIOS sets x2apic opt out bit.
[    3.169708] DMAR-IR: Use 'intremap=no_x2apic_optout' to override the BIOS setting.
[    3.186892] DMAR-IR: Enabled IRQ remapping in xapic mode
[    3.192818] x2apic: IRQ remapping doesn't support X2APIC mode
[    3.199243] APIC: Switched APIC routing to: physical flat
[    3.205906] ..TIMER: vector=0x30 apic1=0 pin1=2 apic2=-1 pin2=-1
[    3.230279] clocksource: tsc-early: mask: 0xffffffffffffffff max_cycles: 0x2563be32fd6, max_idle_ns: 440795226961 ns
[    3.242029] Calibrating delay loop (skipped), value calculated using timer frequency.. 5187.81 BogoMIPS (lpj=10375620)
[    3.246053] CPU0: Thermal monitoring enabled (TM1)
[    3.250077] process: using mwait in idle threads
[    3.254032] Last level iTLB entries: 4KB 1024, 2MB 1024, 4MB 1024
[    3.258027] Last level dTLB entries: 4KB 1024, 2MB 1024, 4MB 1024, 1GB 4
[    3.262029] Spectre V1 : Mitigation: usercopy/swapgs barriers and __user pointer sanitization
[    3.266028] Spectre V2 : Mitigation: Retpolines
[    3.270027] Spectre V2 : Spectre v2 / SpectreRSB mitigation: Filling RSB on context switch
[    3.274027] Spectre V2 : Spectre v2 / SpectreRSB : Filling RSB on VMEXIT
[    3.278027] Spectre V2 : Enabling Restricted Speculation for firmware calls
[    3.282030] Spectre V2 : mitigation: Enabling conditional Indirect Branch Prediction Barrier
[    3.286027] Spectre V2 : User space: Mitigation: STIBP via prctl
[    3.290028] Speculative Store Bypass: Mitigation: Speculative Store Bypass disabled via prctl
[    3.294033] MDS: Mitigation: Clear CPU buffers
[    3.298027] MMIO Stale Data: Mitigation: Clear CPU buffers
[    3.302032] x86/fpu: Supporting XSAVE feature 0x001: 'x87 floating point registers'
[    3.306027] x86/fpu: Supporting XSAVE feature 0x002: 'SSE registers'
[    3.310027] x86/fpu: Supporting XSAVE feature 0x004: 'AVX registers'
[    3.314028] x86/fpu: xstate_offset[2]:  576, xstate_sizes[2]:  256
[    3.318027] x86/fpu: Enabled xstate features 0x7, context size is 832 bytes, using 'standard' format.
[    3.328739] Freeing SMP alternatives memory: 48K
[    3.330028] pid_max: default: 40960 minimum: 320
[    3.334124] LSM: initializing lsm=lockdown,capability,landlock,yama,apparmor,integrity
[    3.338052] landlock: Up and running.
[    3.342027] Yama: becoming mindful.
[    3.346053] AppArmor: AppArmor initialized
[    3.380248] Dentry cache hash table entries: 16777216 (order: 15, 134217728 bytes, vmalloc hugepage)
[    3.396332] Inode-cache hash table entries: 8388608 (order: 14, 67108864 bytes, vmalloc hugepage)
[    3.398528] Mount-cache hash table entries: 262144 (order: 9, 2097152 bytes, vmalloc)
[    3.402475] Mountpoint-cache hash table entries: 262144 (order: 9, 2097152 bytes, vmalloc)
[    3.410067] smpboot: CPU0: Intel(R) Xeon(R) CPU E5-2660 v3 @ 2.60GHz (family: 0x6, model: 0x3f, stepping: 0x2)
[    3.414248] RCU Tasks: Setting shift to 6 and lim to 1 rcu_task_cb_adjust=1.
[    3.418050] RCU Tasks Rude: Setting shift to 6 and lim to 1 rcu_task_cb_adjust=1.
[    3.422058] RCU Tasks Trace: Setting shift to 6 and lim to 1 rcu_task_cb_adjust=1.
[    3.426050] Performance Events: PEBS fmt2+, Haswell events, 16-deep LBR, full-width counters, Intel PMU driver.
[    3.430029] ... version:                3
[    3.434027] ... bit width:              48
[    3.438028] ... generic registers:      4
[    3.442027] ... value mask:             0000ffffffffffff
[    3.446027] ... max period:             00007fffffffffff
[    3.450027] ... fixed-purpose events:   3
[    3.454027] ... event mask:             000000070000000f
[    3.458182] signal: max sigframe size: 1776
[    3.462048] Estimated ratio of average max frequency by base frequency (times 1024): 1181
[    3.466072] rcu: Hierarchical SRCU implementation.
[    3.470028] rcu: 	Max phase no-delay instances is 1000.
[    3.477328] NMI watchdog: Enabled. Permanently consumes one hw-PMU counter.
[    3.478530] smp: Bringing up secondary CPUs ...
[    3.482171] smpboot: x86: Booting SMP configuration:
[    3.486031] .... node  #0, CPUs:        #1  #2  #3  #4  #5  #6  #7  #8  #9
[    3.490038] .... node  #1, CPUs:   #10 #11 #12 #13 #14 #15 #16 #17 #18 #19
[    1.849853] smpboot: CPU 10 Converting physical 0 to logical die 1

[    3.511939] .... node  #0, CPUs:   #20 #21 #22 #23 #24 #25 #26 #27 #28 #29
[    3.518034] .... node  #1, CPUs:   #30 #31 #32 #33 #34 #35 #36 #37 #38 #39
[    3.521003] MDS CPU bug present and SMT on, data leak possible. See https://www.kernel.org/doc/html/latest/admin-guide/hw-vuln/mds.html for more details.
[    3.526028] MMIO Stale Data CPU bug present and SMT on, data leak possible. See https://www.kernel.org/doc/html/latest/admin-guide/hw-vuln/processor_mmio_stale_data.html for more details.
[    3.530173] smp: Brought up 2 nodes, 40 CPUs
[    3.534029] smpboot: Max logical packages: 2
[    3.538031] smpboot: Total of 40 processors activated (207512.40 BogoMIPS)
[    3.553633] devtmpfs: initialized
[    3.554090] x86/mm: Memory block size: 2048MB
[    3.559145] ACPI: PM: Registering ACPI NVS region [mem 0x79945000-0x79eb3fff] (5697536 bytes)
[    3.562187] clocksource: jiffies: mask: 0xffffffff max_cycles: 0xffffffff, max_idle_ns: 7645041785100000 ns
[    3.566258] futex hash table entries: 16384 (order: 8, 1048576 bytes, vmalloc)
[    3.570208] pinctrl core: initialized pinctrl subsystem
[    3.574138] PM: RTC time: 01:12:51, date: 2026-01-25
[    3.579552] NET: Registered PF_NETLINK/PF_ROUTE protocol family
[    3.582994] DMA: preallocated 4096 KiB GFP_KERNEL pool for atomic allocations
[    3.586849] DMA: preallocated 4096 KiB GFP_KERNEL|GFP_DMA pool for atomic allocations
[    3.590856] DMA: preallocated 4096 KiB GFP_KERNEL|GFP_DMA32 pool for atomic allocations
[    3.594038] audit: initializing netlink subsys (disabled)
[    3.598059] audit: type=2000 audit(1769303569.456:1): state=initialized audit_enabled=0 res=1
[    3.598192] thermal_sys: Registered thermal governor 'fair_share'
[    3.602029] thermal_sys: Registered thermal governor 'bang_bang'
[    3.606028] thermal_sys: Registered thermal governor 'step_wise'
[    3.610028] thermal_sys: Registered thermal governor 'user_space'
[    3.614028] thermal_sys: Registered thermal governor 'power_allocator'
[    3.618063] cpuidle: using governor ladder
[    3.626037] cpuidle: using governor menu
[    3.630082] ACPI FADT declares the system doesn't support PCIe ASPM, so disable it
[    3.634030] acpiphp: ACPI Hot Plug PCI Controller Driver version: 0.5
[    3.638156] PCI: MMCONFIG for domain 0000 [bus 00-ff] at [mem 0x80000000-0x8fffffff] (base 0x80000000)
[    3.642029] PCI: MMCONFIG at [mem 0x80000000-0x8fffffff] reserved as E820 entry
[    3.646038] PCI: Using configuration type 1 for base access
[    3.650071] core: PMU erratum BJ122, BV98, HSD29 worked around, HT is on
[    3.654971] ENERGY_PERF_BIAS: Set to 'normal', was 'performance'
[    3.658119] kprobes: kprobe jump-optimization is enabled. All kprobes are optimized if possible.
[    3.666108] HugeTLB: registered 1.00 GiB page size, pre-allocated 0 pages
[    3.674030] HugeTLB: 16380 KiB vmemmap can be freed for a 1.00 GiB page
[    3.682030] HugeTLB: registered 2.00 MiB page size, pre-allocated 0 pages
[    3.690028] HugeTLB: 28 KiB vmemmap can be freed for a 2.00 MiB page
[    3.698228] ACPI: Added _OSI(Module Device)
[    3.702030] ACPI: Added _OSI(Processor Device)
[    3.706028] ACPI: Added _OSI(3.0 _SCP Extensions)
[    3.714028] ACPI: Added _OSI(Processor Aggregator Device)
[    3.780961] ACPI: 4 ACPI AML tables successfully acquired and loaded
[    3.794550] ACPI: [Firmware Bug]: BIOS _OSI(Linux) query ignored
[    3.806992] ACPI: Dynamic OEM Table Load:
[    3.850070] ACPI: _OSC evaluated successfully for all CPUs
[    3.854635] ACPI: Interpreter enabled
[    3.862044] ACPI: PM: (supports S0 S5)
[    3.866030] ACPI: Using IOAPIC for interrupt routing
[    3.870124] HEST: Table parsing has been initialized.
[    3.874492] GHES: APEI firmware first mode is enabled by APEI bit and WHEA _OSC.
[    3.886031] PCI: Using host bridge windows from ACPI; if necessary, use "pci=nocrs" and report a bug
[    3.894028] PCI: Using E820 reservations for host bridge windows
[    3.902981] ACPI: Enabled 5 GPEs in block 00 to 3F
[    3.959896] ACPI: PCI Root Bridge [UNC1] (domain 0000 [bus ff])
[    3.966033] acpi PNP0A03:02: _OSC: OS supports [ExtendedConfig ASPM ClockPM Segments MSI EDR HPX-Type3]
[    3.980468] acpi PNP0A03:02: _OSC: platform does not support [SHPCHotplug LTR DPC]
[    3.991385] acpi PNP0A03:02: _OSC: OS now controls [PCIeHotplug PME AER PCIeCapability]
[    3.998028] acpi PNP0A03:02: FADT indicates ASPM is unsupported, using BIOS configuration
[    4.010080] PCI host bridge to bus 0000:ff
[    4.014028] pci_bus 0000:ff: Unknown NUMA node; performance will be reduced
[    4.022028] pci_bus 0000:ff: root bus resource [bus ff]
[    4.026042] pci 0000:ff:08.0: [8086:2f80] type 00 class 0x088000
[    4.034125] pci 0000:ff:08.2: [8086:2f32] type 00 class 0x110100
[    4.042106] pci 0000:ff:08.3: [8086:2f83] type 00 class 0x088000
[    4.046116] pci 0000:ff:09.0: [8086:2f90] type 00 class 0x088000
[    4.054105] pci 0000:ff:09.2: [8086:2f33] type 00 class 0x110100
[    4.062103] pci 0000:ff:09.3: [8086:2f93] type 00 class 0x088000
[    4.066108] pci 0000:ff:0b.0: [8086:2f81] type 00 class 0x088000
[    4.074102] pci 0000:ff:0b.1: [8086:2f36] type 00 class 0x110100
[    4.082101] pci 0000:ff:0b.2: [8086:2f37] type 00 class 0x110100
[    4.086103] pci 0000:ff:0c.0: [8086:2fe0] type 00 class 0x088000
[    4.094102] pci 0000:ff:0c.1: [8086:2fe1] type 00 class 0x088000
[    4.102110] pci 0000:ff:0c.2: [8086:2fe2] type 00 class 0x088000
[    4.110100] pci 0000:ff:0c.3: [8086:2fe3] type 00 class 0x088000
[    4.114102] pci 0000:ff:0c.4: [8086:2fe4] type 00 class 0x088000
[    4.122100] pci 0000:ff:0c.5: [8086:2fe5] type 00 class 0x088000
[    4.130102] pci 0000:ff:0c.6: [8086:2fe6] type 00 class 0x088000
[    4.134100] pci 0000:ff:0c.7: [8086:2fe7] type 00 class 0x088000
[    4.142101] pci 0000:ff:0d.0: [8086:2fe8] type 00 class 0x088000
[    4.150100] pci 0000:ff:0d.1: [8086:2fe9] type 00 class 0x088000
[    4.154114] pci 0000:ff:0f.0: [8086:2ff8] type 00 class 0x088000
[    4.162100] pci 0000:ff:0f.1: [8086:2ff9] type 00 class 0x088000
[    4.170102] pci 0000:ff:0f.2: [8086:2ffa] type 00 class 0x088000
[    4.174102] pci 0000:ff:0f.3: [8086:2ffb] type 00 class 0x088000
[    4.182101] pci 0000:ff:0f.4: [8086:2ffc] type 00 class 0x088000
[    4.190102] pci 0000:ff:0f.5: [8086:2ffd] type 00 class 0x088000
[    4.198104] pci 0000:ff:0f.6: [8086:2ffe] type 00 class 0x088000
[    4.202102] pci 0000:ff:10.0: [8086:2f1d] type 00 class 0x088000
[    4.210109] pci 0000:ff:10.1: [8086:2f34] type 00 class 0x110100
[    4.218105] pci 0000:ff:10.5: [8086:2f1e] type 00 class 0x088000
[    4.222101] pci 0000:ff:10.6: [8086:2f7d] type 00 class 0x110100
[    4.230100] pci 0000:ff:10.7: [8086:2f1f] type 00 class 0x088000
[    4.238104] pci 0000:ff:12.0: [8086:2fa0] type 00 class 0x088000
[    4.242111] pci 0000:ff:12.1: [8086:2f30] type 00 class 0x110100
[    4.250106] pci 0000:ff:12.4: [8086:2f60] type 00 class 0x088000
[    4.258103] pci 0000:ff:12.5: [8086:2f38] type 00 class 0x110100
[    4.262114] pci 0000:ff:13.0: [8086:2fa8] type 00 class 0x088000
[    4.270106] pci 0000:ff:13.1: [8086:2f71] type 00 class 0x088000
[    4.278107] pci 0000:ff:13.2: [8086:2faa] type 00 class 0x088000
[    4.286108] pci 0000:ff:13.3: [8086:2fab] type 00 class 0x088000
[    4.290107] pci 0000:ff:13.6: [8086:2fae] type 00 class 0x088000
[    4.298104] pci 0000:ff:13.7: [8086:2faf] type 00 class 0x088000
[    4.306103] pci 0000:ff:14.0: [8086:2fb0] type 00 class 0x088000
[    4.310108] pci 0000:ff:14.1: [8086:2fb1] type 00 class 0x088000
[    4.318115] pci 0000:ff:14.2: [8086:2fb2] type 00 class 0x088000
[    4.326106] pci 0000:ff:14.3: [8086:2fb3] type 00 class 0x088000
[    4.330106] pci 0000:ff:14.4: [8086:2fbc] type 00 class 0x088000
[    4.338103] pci 0000:ff:14.5: [8086:2fbd] type 00 class 0x088000
[    4.346104] pci 0000:ff:14.6: [8086:2fbe] type 00 class 0x088000
[    4.350105] pci 0000:ff:14.7: [8086:2fbf] type 00 class 0x088000
[    4.358106] pci 0000:ff:16.0: [8086:2f68] type 00 class 0x088000
[    4.366107] pci 0000:ff:16.1: [8086:2f79] type 00 class 0x088000
[    4.374117] pci 0000:ff:16.2: [8086:2f6a] type 00 class 0x088000
[    4.378107] pci 0000:ff:16.3: [8086:2f6b] type 00 class 0x088000
[    4.386108] pci 0000:ff:16.6: [8086:2f6e] type 00 class 0x088000
[    4.394103] pci 0000:ff:16.7: [8086:2f6f] type 00 class 0x088000
[    4.398104] pci 0000:ff:17.0: [8086:2fd0] type 00 class 0x088000
[    4.406108] pci 0000:ff:17.1: [8086:2fd1] type 00 class 0x088000
[    4.414107] pci 0000:ff:17.2: [8086:2fd2] type 00 class 0x088000
[    4.418109] pci 0000:ff:17.3: [8086:2fd3] type 00 class 0x088000
[    4.426115] pci 0000:ff:17.4: [8086:2fb8] type 00 class 0x088000
[    4.434103] pci 0000:ff:17.5: [8086:2fb9] type 00 class 0x088000
[    4.442104] pci 0000:ff:17.6: [8086:2fba] type 00 class 0x088000
[    4.446103] pci 0000:ff:17.7: [8086:2fbb] type 00 class 0x088000
[    4.454110] pci 0000:ff:1e.0: [8086:2f98] type 00 class 0x088000
[    4.462105] pci 0000:ff:1e.1: [8086:2f99] type 00 class 0x088000
[    4.466104] pci 0000:ff:1e.2: [8086:2f9a] type 00 class 0x088000
[    4.474103] pci 0000:ff:1e.3: [8086:2fc0] type 00 class 0x088000
[    4.482077] pci 0000:ff:1e.4: [8086:2f9c] type 00 class 0x088000
[    4.486108] pci 0000:ff:1f.0: [8086:2f88] type 00 class 0x088000
[    4.494104] pci 0000:ff:1f.2: [8086:2f8a] type 00 class 0x088000
[    4.502203] ACPI: PCI Root Bridge [UNC0] (domain 0000 [bus 7f])
[    4.506031] acpi PNP0A03:03: _OSC: OS supports [ExtendedConfig ASPM ClockPM Segments MSI EDR HPX-Type3]
[    4.518732] acpi PNP0A03:03: _OSC: platform does not support [SHPCHotplug LTR DPC]
[    4.527399] acpi PNP0A03:03: _OSC: OS now controls [PCIeHotplug PME AER PCIeCapability]
[    4.538028] acpi PNP0A03:03: FADT indicates ASPM is unsupported, using BIOS configuration
[    4.546076] PCI host bridge to bus 0000:7f
[    4.550028] pci_bus 0000:7f: Unknown NUMA node; performance will be reduced
[    4.558028] pci_bus 0000:7f: root bus resource [bus 7f]
[    4.566038] pci 0000:7f:08.0: [8086:2f80] type 00 class 0x088000
[    4.570106] pci 0000:7f:08.2: [8086:2f32] type 00 class 0x110100
[    4.578102] pci 0000:7f:08.3: [8086:2f83] type 00 class 0x088000
[    4.586103] pci 0000:7f:09.0: [8086:2f90] type 00 class 0x088000
[    4.594101] pci 0000:7f:09.2: [8086:2f33] type 00 class 0x110100
[    4.598108] pci 0000:7f:09.3: [8086:2f93] type 00 class 0x088000
[    4.606107] pci 0000:7f:0b.0: [8086:2f81] type 00 class 0x088000
[    4.614104] pci 0000:7f:0b.1: [8086:2f36] type 00 class 0x110100
[    4.618097] pci 0000:7f:0b.2: [8086:2f37] type 00 class 0x110100
[    4.626099] pci 0000:7f:0c.0: [8086:2fe0] type 00 class 0x088000
[    4.634097] pci 0000:7f:0c.1: [8086:2fe1] type 00 class 0x088000
[    4.638100] pci 0000:7f:0c.2: [8086:2fe2] type 00 class 0x088000
[    4.646097] pci 0000:7f:0c.3: [8086:2fe3] type 00 class 0x088000
[    4.654109] pci 0000:7f:0c.4: [8086:2fe4] type 00 class 0x088000
[    4.658097] pci 0000:7f:0c.5: [8086:2fe5] type 00 class 0x088000
[    4.666100] pci 0000:7f:0c.6: [8086:2fe6] type 00 class 0x088000
[    4.674098] pci 0000:7f:0c.7: [8086:2fe7] type 00 class 0x088000
[    4.678100] pci 0000:7f:0d.0: [8086:2fe8] type 00 class 0x088000
[    4.686099] pci 0000:7f:0d.1: [8086:2fe9] type 00 class 0x088000
[    4.694101] pci 0000:7f:0f.0: [8086:2ff8] type 00 class 0x088000
[    4.702100] pci 0000:7f:0f.1: [8086:2ff9] type 00 class 0x088000
[    4.706106] pci 0000:7f:0f.2: [8086:2ffa] type 00 class 0x088000
[    4.714101] pci 0000:7f:0f.3: [8086:2ffb] type 00 class 0x088000
[    4.722103] pci 0000:7f:0f.4: [8086:2ffc] type 00 class 0x088000
[    4.726102] pci 0000:7f:0f.5: [8086:2ffd] type 00 class 0x088000
[    4.734101] pci 0000:7f:0f.6: [8086:2ffe] type 00 class 0x088000
[    4.742099] pci 0000:7f:10.0: [8086:2f1d] type 00 class 0x088000
[    4.746097] pci 0000:7f:10.1: [8086:2f34] type 00 class 0x110100
[    4.754099] pci 0000:7f:10.5: [8086:2f1e] type 00 class 0x088000
[    4.762107] pci 0000:7f:10.6: [8086:2f7d] type 00 class 0x110100
[    4.770098] pci 0000:7f:10.7: [8086:2f1f] type 00 class 0x088000
[    4.774098] pci 0000:7f:12.0: [8086:2fa0] type 00 class 0x088000
[    4.782100] pci 0000:7f:12.1: [8086:2f30] type 00 class 0x110100
[    4.790102] pci 0000:7f:12.4: [8086:2f60] type 00 class 0x088000
[    4.794102] pci 0000:7f:12.5: [8086:2f38] type 00 class 0x110100
[    4.802102] pci 0000:7f:13.0: [8086:2fa8] type 00 class 0x088000
[    4.810102] pci 0000:7f:13.1: [8086:2f71] type 00 class 0x088000
[    4.814111] pci 0000:7f:13.2: [8086:2faa] type 00 class 0x088000
[    4.822104] pci 0000:7f:13.3: [8086:2fab] type 00 class 0x088000
[    4.830103] pci 0000:7f:13.6: [8086:2fae] type 00 class 0x088000
[    4.834099] pci 0000:7f:13.7: [8086:2faf] type 00 class 0x088000
[    4.842100] pci 0000:7f:14.0: [8086:2fb0] type 00 class 0x088000
[    4.850106] pci 0000:7f:14.1: [8086:2fb1] type 00 class 0x088000
[    4.858104] pci 0000:7f:14.2: [8086:2fb2] type 00 class 0x088000
[    4.862103] pci 0000:7f:14.3: [8086:2fb3] type 00 class 0x088000
[    4.870113] pci 0000:7f:14.4: [8086:2fbc] type 00 class 0x088000
[    4.878100] pci 0000:7f:14.5: [8086:2fbd] type 00 class 0x088000
[    4.882101] pci 0000:7f:14.6: [8086:2fbe] type 00 class 0x088000
[    4.890099] pci 0000:7f:14.7: [8086:2fbf] type 00 class 0x088000
[    4.898101] pci 0000:7f:16.0: [8086:2f68] type 00 class 0x088000
[    4.902103] pci 0000:7f:16.1: [8086:2f79] type 00 class 0x088000
[    4.910111] pci 0000:7f:16.2: [8086:2f6a] type 00 class 0x088000
[    4.918105] pci 0000:7f:16.3: [8086:2f6b] type 00 class 0x088000
[    4.922114] pci 0000:7f:16.6: [8086:2f6e] type 00 class 0x088000
[    4.930100] pci 0000:7f:16.7: [8086:2f6f] type 00 class 0x088000
[    4.938103] pci 0000:7f:17.0: [8086:2fd0] type 00 class 0x088000
[    4.946104] pci 0000:7f:17.1: [8086:2fd1] type 00 class 0x088000
[    4.950104] pci 0000:7f:17.2: [8086:2fd2] type 00 class 0x088000
[    4.958104] pci 0000:7f:17.3: [8086:2fd3] type 00 class 0x088000
[    4.966260] pci 0000:7f:17.4: [8086:2fb8] type 00 class 0x088000
[    4.970112] pci 0000:7f:17.5: [8086:2fb9] type 00 class 0x088000
[    4.978111] pci 0000:7f:17.6: [8086:2fba] type 00 class 0x088000
[    4.986100] pci 0000:7f:17.7: [8086:2fbb] type 00 class 0x088000
[    4.990107] pci 0000:7f:1e.0: [8086:2f98] type 00 class 0x088000
[    4.998099] pci 0000:7f:1e.1: [8086:2f99] type 00 class 0x088000
[    5.006099] pci 0000:7f:1e.2: [8086:2f9a] type 00 class 0x088000
[    5.010101] pci 0000:7f:1e.3: [8086:2fc0] type 00 class 0x088000
[    5.018066] pci 0000:7f:1e.4: [8086:2f9c] type 00 class 0x088000
[    5.026104] pci 0000:7f:1f.0: [8086:2f88] type 00 class 0x088000
[    5.034111] pci 0000:7f:1f.2: [8086:2f8a] type 00 class 0x088000
[    5.054921] ACPI: PCI Root Bridge [PCI0] (domain 0000 [bus 00-7e])
[    5.062032] acpi PNP0A08:00: _OSC: OS supports [ExtendedConfig ASPM ClockPM Segments MSI EDR HPX-Type3]
[    5.074496] acpi PNP0A08:00: _OSC: platform does not support [SHPCHotplug LTR DPC]
[    5.082932] acpi PNP0A08:00: _OSC: OS now controls [PCIeHotplug PME AER PCIeCapability]
[    5.090028] acpi PNP0A08:00: FADT indicates ASPM is unsupported, using BIOS configuration
[    5.102735] PCI host bridge to bus 0000:00
[    5.106029] pci_bus 0000:00: root bus resource [io  0x0000-0x0cf7 window]
[    5.114028] pci_bus 0000:00: root bus resource [io  0x1000-0x7fff window]
[    5.122028] pci_bus 0000:00: root bus resource [mem 0x000a0000-0x000bffff window]
[    5.130028] pci_bus 0000:00: root bus resource [mem 0x90000000-0xc7ffbfff window]
[    5.138028] pci_bus 0000:00: root bus resource [mem 0x38000000000-0x3bfffffffff window]
[    5.146028] pci_bus 0000:00: root bus resource [bus 00-7e]
[    5.154056] pci 0000:00:00.0: [8086:2f00] type 00 class 0x060000
[    5.158199] pci 0000:00:01.0: [8086:2f02] type 01 class 0x060400
[    5.166110] pci 0000:00:01.0: PME# supported from D0 D3hot D3cold
[    5.174175] pci 0000:00:01.1: [8086:2f03] type 01 class 0x060400
[    5.182107] pci 0000:00:01.1: PME# supported from D0 D3hot D3cold
[    5.186163] pci 0000:00:02.0: [8086:2f04] type 01 class 0x060400
[    5.194106] pci 0000:00:02.0: PME# supported from D0 D3hot D3cold
[    5.202165] pci 0000:00:02.2: [8086:2f06] type 01 class 0x060400
[    5.206106] pci 0000:00:02.2: PME# supported from D0 D3hot D3cold
[    5.214167] pci 0000:00:03.0: [8086:2f08] type 01 class 0x060400
[    5.222107] pci 0000:00:03.0: PME# supported from D0 D3hot D3cold
[    5.230157] pci 0000:00:05.0: [8086:2f28] type 00 class 0x088000
[    5.234154] pci 0000:00:05.1: [8086:2f29] type 00 class 0x088000
[    5.242175] pci 0000:00:05.2: [8086:2f2a] type 00 class 0x088000
[    5.250134] pci 0000:00:05.4: [8086:2f2c] type 00 class 0x080020
[    5.254044] pci 0000:00:05.4: reg 0x10: [mem 0xc7005000-0xc7005fff]
[    5.262167] pci 0000:00:11.0: [8086:8d7c] type 00 class 0xff0000
[    5.270277] pci 0000:00:11.4: [8086:8d62] type 00 class 0x010601
[    5.278051] pci 0000:00:11.4: reg 0x10: [io  0x7110-0x7117]
[    5.282041] pci 0000:00:11.4: reg 0x14: [io  0x7100-0x7103]
[    5.290042] pci 0000:00:11.4: reg 0x18: [io  0x70f0-0x70f7]
[    5.294041] pci 0000:00:11.4: reg 0x1c: [io  0x70e0-0x70e3]
[    5.302041] pci 0000:00:11.4: reg 0x20: [io  0x7020-0x703f]
[    5.306041] pci 0000:00:11.4: reg 0x24: [mem 0xc7004000-0xc70047ff]
[    5.314074] pci 0000:00:11.4: PME# supported from D3hot
[    5.322131] pci 0000:00:16.0: [8086:8d3a] type 00 class 0x078000
[    5.326055] pci 0000:00:16.0: reg 0x10: [mem 0x3bffff13000-0x3bffff1300f 64bit]
[    5.334119] pci 0000:00:16.0: PME# supported from D0 D3hot D3cold
[    5.342112] pci 0000:00:16.1: [8086:8d3b] type 00 class 0x078000
[    5.350057] pci 0000:00:16.1: reg 0x10: [mem 0x3bffff12000-0x3bffff1200f 64bit]
[    5.358118] pci 0000:00:16.1: PME# supported from D0 D3hot D3cold
[    5.366127] pci 0000:00:1a.0: [8086:8d2d] type 00 class 0x0c0320
[    5.370051] pci 0000:00:1a.0: reg 0x10: [mem 0xc7002000-0xc70023ff]
[    5.378146] pci 0000:00:1a.0: PME# supported from D0 D3hot D3cold
[    5.386135] pci 0000:00:1c.0: [8086:8d10] type 01 class 0x060400
[    5.390131] pci 0000:00:1c.0: PME# supported from D0 D3hot D3cold
[    5.398139] pci 0000:00:1c.3: [8086:8d16] type 01 class 0x060400
[    5.406133] pci 0000:00:1c.3: PME# supported from D0 D3hot D3cold
[    5.414153] pci 0000:00:1d.0: [8086:8d26] type 00 class 0x0c0320
[    5.418052] pci 0000:00:1d.0: reg 0x10: [mem 0xc7001000-0xc70013ff]
[    5.426146] pci 0000:00:1d.0: PME# supported from D0 D3hot D3cold
[    5.434133] pci 0000:00:1f.0: [8086:8d44] type 00 class 0x060100
[    5.438271] pci 0000:00:1f.2: [8086:8d02] type 00 class 0x010601
[    5.446048] pci 0000:00:1f.2: reg 0x10: [io  0x7070-0x7077]
[    5.454040] pci 0000:00:1f.2: reg 0x14: [io  0x7060-0x7063]
[    5.458040] pci 0000:00:1f.2: reg 0x18: [io  0x7050-0x7057]
[    5.466040] pci 0000:00:1f.2: reg 0x1c: [io  0x7040-0x7043]
[    5.470040] pci 0000:00:1f.2: reg 0x20: [io  0x7000-0x701f]
[    5.478041] pci 0000:00:1f.2: reg 0x24: [mem 0xc7000000-0xc70007ff]
[    5.486068] pci 0000:00:1f.2: PME# supported from D3hot
[    5.490309] acpiphp: Slot [0] registered
[    5.494073] pci 0000:01:00.0: [8086:1521] type 00 class 0x020000
[    5.502048] pci 0000:01:00.0: reg 0x10: [mem 0xc6a00000-0xc6afffff]
[    5.510052] pci 0000:01:00.0: reg 0x18: [io  0x6020-0x603f]
[    5.514040] pci 0000:01:00.0: reg 0x1c: [mem 0xc6c04000-0xc6c07fff]
[    5.522063] pci 0000:01:00.0: reg 0x30: [mem 0xc6b80000-0xc6bfffff pref]
[    5.530098] pci 0000:01:00.0: PME# supported from D0 D3hot D3cold
[    5.538059] pci 0000:01:00.0: reg 0x184: [mem 0x3bfffe60000-0x3bfffe63fff 64bit pref]
[    5.546028] pci 0000:01:00.0: VF(n) BAR0 space: [mem 0x3bfffe60000-0x3bfffe7ffff 64bit pref] (contains BAR0 for 8 VFs)
[    5.558047] pci 0000:01:00.0: reg 0x190: [mem 0x3bfffe40000-0x3bfffe43fff 64bit pref]
[    5.566028] pci 0000:01:00.0: VF(n) BAR3 space: [mem 0x3bfffe40000-0x3bfffe5ffff 64bit pref] (contains BAR3 for 8 VFs)
[    5.578209] pci 0000:01:00.1: [8086:1521] type 00 class 0x020000
[    5.586048] pci 0000:01:00.1: reg 0x10: [mem 0xc6900000-0xc69fffff]
[    5.594052] pci 0000:01:00.1: reg 0x18: [io  0x6000-0x601f]
[    5.598041] pci 0000:01:00.1: reg 0x1c: [mem 0xc6c00000-0xc6c03fff]
[    5.606063] pci 0000:01:00.1: reg 0x30: [mem 0xc6b00000-0xc6b7ffff pref]
[    5.614096] pci 0000:01:00.1: PME# supported from D0 D3hot D3cold
[    5.618053] pci 0000:01:00.1: reg 0x184: [mem 0x3bfffe20000-0x3bfffe23fff 64bit pref]
[    5.630028] pci 0000:01:00.1: VF(n) BAR0 space: [mem 0x3bfffe20000-0x3bfffe3ffff 64bit pref] (contains BAR0 for 8 VFs)
[    5.642046] pci 0000:01:00.1: reg 0x190: [mem 0x3bfffe00000-0x3bfffe03fff 64bit pref]
[    5.650028] pci 0000:01:00.1: VF(n) BAR3 space: [mem 0x3bfffe00000-0x3bfffe1ffff 64bit pref] (contains BAR3 for 8 VFs)
[    5.662177] pci 0000:00:01.0: PCI bridge to [bus 01-02]
[    5.666029] pci 0000:00:01.0:   bridge window [io  0x6000-0x6fff]
[    5.674029] pci 0000:00:01.0:   bridge window [mem 0xc6900000-0xc6cfffff]
[    5.682030] pci 0000:00:01.0:   bridge window [mem 0x3bfffe00000-0x3bfffefffff 64bit pref]
[    5.690238] pci 0000:00:01.1: PCI bridge to [bus 03]
[    5.698231] pci 0000:00:02.0: PCI bridge to [bus 04]
[    5.702239] pci 0000:05:00.0: [1000:0090] type 00 class 0x010700
[    5.710045] pci 0000:05:00.0: reg 0x10: [io  0x5000-0x50ff]
[    5.714043] pci 0000:05:00.0: reg 0x14: [mem 0xc6e40000-0xc6e4ffff 64bit]
[    5.722044] pci 0000:05:00.0: reg 0x1c: [mem 0xc6e00000-0xc6e3ffff 64bit]
[    5.730048] pci 0000:05:00.0: reg 0x30: [mem 0xc6d00000-0xc6dfffff pref]
[    5.738031] pci 0000:05:00.0: enabling Extended Tags
[    5.742093] pci 0000:05:00.0: supports D1 D2
[    5.750164] pci 0000:00:02.2: PCI bridge to [bus 05]
[    5.754029] pci 0000:00:02.2:   bridge window [io  0x5000-0x5fff]
[    5.762029] pci 0000:00:02.2:   bridge window [mem 0xc6d00000-0xc6efffff]
[    5.770242] pci 0000:06:00.0: [8086:10fb] type 00 class 0x020000
[    5.774046] pci 0000:06:00.0: reg 0x10: [mem 0xc7900000-0xc79fffff pref]
[    5.782051] pci 0000:06:00.0: reg 0x18: [io  0x4020-0x403f]
[    5.790038] pci 0000:06:00.0: reg 0x1c: [mem 0xc7e04000-0xc7e07fff pref]
[    5.798059] pci 0000:06:00.0: reg 0x30: [mem 0xc6f80000-0xc6ffffff pref]
[    5.806076] pci 0000:06:00.0: PME# supported from D0 D3hot
[    5.810051] pci 0000:06:00.0: reg 0x184: [mem 0xc7d00000-0xc7d03fff 64bit pref]
[    5.818028] pci 0000:06:00.0: VF(n) BAR0 space: [mem 0xc7d00000-0xc7dfffff 64bit pref] (contains BAR0 for 64 VFs)
[    5.830043] pci 0000:06:00.0: reg 0x190: [mem 0xc7c00000-0xc7c03fff 64bit pref]
[    5.838028] pci 0000:06:00.0: VF(n) BAR3 space: [mem 0xc7c00000-0xc7cfffff 64bit pref] (contains BAR3 for 64 VFs)
[    5.850226] pci 0000:06:00.1: [8086:10fb] type 00 class 0x020000
[    5.858046] pci 0000:06:00.1: reg 0x10: [mem 0xc7800000-0xc78fffff pref]
[    5.862049] pci 0000:06:00.1: reg 0x18: [io  0x4000-0x401f]
[    5.870038] pci 0000:06:00.1: reg 0x1c: [mem 0xc7e00000-0xc7e03fff pref]
[    5.878059] pci 0000:06:00.1: reg 0x30: [mem 0xc6f00000-0xc6f7ffff pref]
[    5.886076] pci 0000:06:00.1: PME# supported from D0 D3hot
[    5.890047] pci 0000:06:00.1: reg 0x184: [mem 0xc7b00000-0xc7b03fff 64bit pref]
[    5.898028] pci 0000:06:00.1: VF(n) BAR0 space: [mem 0xc7b00000-0xc7bfffff 64bit pref] (contains BAR0 for 64 VFs)
[    5.910043] pci 0000:06:00.1: reg 0x190: [mem 0xc7a00000-0xc7a03fff 64bit pref]
[    5.918028] pci 0000:06:00.1: VF(n) BAR3 space: [mem 0xc7a00000-0xc7afffff 64bit pref] (contains BAR3 for 64 VFs)
[    5.930206] pci 0000:00:03.0: PCI bridge to [bus 06-07]
[    5.938029] pci 0000:00:03.0:   bridge window [io  0x4000-0x4fff]
[    5.942029] pci 0000:00:03.0:   bridge window [mem 0xc6f00000-0xc6ffffff]
[    5.950030] pci 0000:00:03.0:   bridge window [mem 0xc7800000-0xc7efffff 64bit pref]
[    5.958067] pci 0000:00:1c.0: PCI bridge to [bus 08]
[    5.966108] pci 0000:09:00.0: [102b:0522] type 00 class 0x030000
[    5.970063] pci 0000:09:00.0: reg 0x10: [mem 0xc5000000-0xc5ffffff]
[    5.978047] pci 0000:09:00.0: reg 0x14: [mem 0xc6810000-0xc6813fff]
[    5.986047] pci 0000:09:00.0: reg 0x18: [mem 0xc6000000-0xc67fffff]
[    5.994105] pci 0000:09:00.0: reg 0x30: [mem 0xc6800000-0xc680ffff pref]
[    6.002055] pci 0000:09:00.0: Video device with shadowed ROM at [mem 0x000c0000-0x000dffff]
[    6.010201] pci 0000:00:1c.3: PCI bridge to [bus 09]
[    6.014032] pci 0000:00:1c.3:   bridge window [mem 0xc5000000-0xc68fffff]
[    6.022090] pci_bus 0000:00: on NUMA node 0
[    6.022958] ACPI: PCI Root Bridge [PCI1] (domain 0000 [bus 80-fe])
[    6.030033] acpi PNP0A08:01: _OSC: OS supports [ExtendedConfig ASPM ClockPM Segments MSI EDR HPX-Type3]
[    6.042491] acpi PNP0A08:01: _OSC: platform does not support [SHPCHotplug LTR DPC]
[    6.050918] acpi PNP0A08:01: _OSC: OS now controls [PCIeHotplug PME AER PCIeCapability]
[    6.058028] acpi PNP0A08:01: FADT indicates ASPM is unsupported, using BIOS configuration
[    6.070363] PCI host bridge to bus 0000:80
[    6.074029] pci_bus 0000:80: root bus resource [io  0x8000-0xffff window]
[    6.082028] pci_bus 0000:80: root bus resource [mem 0xc8000000-0xfbffbfff window]
[    6.090029] pci_bus 0000:80: root bus resource [mem 0x3c000000000-0x3ffffffffff window]
[    6.098028] pci_bus 0000:80: root bus resource [bus 80-fe]
[    6.106051] pci 0000:80:02.0: [8086:2f04] type 01 class 0x060400
[    6.110113] pci 0000:80:02.0: PME# supported from D0 D3hot D3cold
[    6.118175] pci 0000:80:05.0: [8086:2f28] type 00 class 0x088000
[    6.126147] pci 0000:80:05.1: [8086:2f29] type 00 class 0x088000
[    6.134183] pci 0000:80:05.2: [8086:2f2a] type 00 class 0x088000
[    6.138141] pci 0000:80:05.4: [8086:2f2c] type 00 class 0x080020
[    6.146044] pci 0000:80:05.4: reg 0x10: [mem 0xfbf00000-0xfbf00fff]
[    6.154374] pci 0000:80:02.0: PCI bridge to [bus 81]
[    6.158045] pci_bus 0000:80: on NUMA node 1
[    6.158582] ACPI: PCI: Interrupt link LNKA configured for IRQ 11
[    6.166099] ACPI: PCI: Interrupt link LNKB configured for IRQ 10
[    6.174096] ACPI: PCI: Interrupt link LNKC configured for IRQ 11
[    6.178095] ACPI: PCI: Interrupt link LNKD configured for IRQ 5
[    6.186095] ACPI: PCI: Interrupt link LNKE configured for IRQ 0
[    6.194029] ACPI: PCI: Interrupt link LNKE disabled
[    6.198095] ACPI: PCI: Interrupt link LNKF configured for IRQ 0
[    6.206028] ACPI: PCI: Interrupt link LNKF disabled
[    6.210095] ACPI: PCI: Interrupt link LNKG configured for IRQ 0
[    6.218029] ACPI: PCI: Interrupt link LNKG disabled
[    6.222096] ACPI: PCI: Interrupt link LNKH configured for IRQ 0
[    6.230028] ACPI: PCI: Interrupt link LNKH disabled
[    6.234342] iommu: Default domain type: Translated
[    6.242029] iommu: DMA domain TLB invalidation policy: lazy mode
[    6.246261] SCSI subsystem initialized
[    6.250053] libata version 3.00 loaded.
[    6.250059] ACPI: bus type USB registered
[    6.254043] usbcore: registered new interface driver usbfs
[    6.262033] usbcore: registered new interface driver hub
[    6.270045] usbcore: registered new device driver usb
[    6.274052] pps_core: LinuxPPS API ver. 1 registered
[    6.278029] pps_core: Software ver. 5.3.6 - Copyright 2005-2007 Rodolfo Giometti <giometti@linux.it>
[    6.290032] PTP clock support registered
[    6.294070] EDAC MC: Ver: 3.0.0
[    6.298163] NetLabel: Initializing
[    6.301956] NetLabel:  domain hash size = 128
[    6.306028] NetLabel:  protocols = UNLABELED CIPSOv4 CALIPSO
[    6.314042] NetLabel:  unlabeled traffic allowed by default
[    6.318064] PCI: Using ACPI for IRQ routing
[    6.326189] PCI: pci_cache_line_size set to 64 bytes
[    6.326351] e820: reserve RAM buffer [mem 0x00099c00-0x0009ffff]
[    6.326353] e820: reserve RAM buffer [mem 0x790cf000-0x7bffffff]
[    6.330031] pci 0000:09:00.0: vgaarb: setting as boot VGA device
[    6.330031] pci 0000:09:00.0: vgaarb: bridge control possible
[    6.330031] pci 0000:09:00.0: vgaarb: VGA device added: decodes=io+mem,owns=io+mem,locks=none
[    6.350030] vgaarb: loaded
[    6.355321] hpet0: at MMIO 0xfed00000, IRQs 2, 8, 0, 0, 0, 0, 0, 0
[    6.362028] hpet0: 8 comparators, 64-bit 14.318180 MHz counter
[    6.372184] clocksource: Switched to clocksource tsc-early
[    6.379211] VFS: Disk quotas dquot_6.6.0
[    6.383622] VFS: Dquot-cache hash table entries: 512 (order 0, 4096 bytes)
[    6.391494] AppArmor: AppArmor Filesystem Enabled
[    6.396788] pnp: PnP ACPI init
[    6.400802] system 00:01: [io  0x0500-0x057f] has been reserved
[    6.407413] system 00:01: [io  0x0400-0x047f] has been reserved
[    6.414026] system 00:01: [io  0x0580-0x059f] has been reserved
[    6.420633] system 00:01: [io  0x0600-0x061f] has been reserved
[    6.427234] system 00:01: [io  0x0880-0x0883] has been reserved
[    6.433843] system 00:01: [io  0x0800-0x081f] has been reserved
[    6.440452] system 00:01: [mem 0xfed1c000-0xfed3ffff] has been reserved
[    6.447826] system 00:01: [mem 0xfed45000-0xfed8bfff] has been reserved
[    6.455211] system 00:01: [mem 0xff000000-0xffffffff] has been reserved
[    6.462596] system 00:01: [mem 0xfee00000-0xfeefffff] has been reserved
[    6.469980] system 00:01: [mem 0xfed12000-0xfed1200f] has been reserved
[    6.477366] system 00:01: [mem 0xfed12010-0xfed1201f] has been reserved
[    6.484751] system 00:01: [mem 0xfed1b000-0xfed1bfff] has been reserved
[    6.492308] pnp 00:02: [dma 0 disabled]
[    6.492506] pnp 00:03: [dma 0 disabled]
[    6.493343] pnp: PnP ACPI: found 4 devices
[    6.503825] clocksource: acpi_pm: mask: 0xffffff max_cycles: 0xffffff, max_idle_ns: 2085701024 ns
[    6.513827] NET: Registered PF_INET protocol family
[    6.519855] IP idents hash table entries: 262144 (order: 9, 2097152 bytes, vmalloc)
[    6.531624] tcp_listen_portaddr_hash hash table entries: 65536 (order: 8, 1048576 bytes, vmalloc)
[    6.541697] Table-perturb hash table entries: 65536 (order: 6, 262144 bytes, vmalloc)
[    6.551490] TCP established hash table entries: 524288 (order: 10, 4194304 bytes, vmalloc hugepage)
[    6.562477] TCP bind hash table entries: 65536 (order: 9, 2097152 bytes, vmalloc)
[    6.571121] TCP: Hash tables configured (established 524288 bind 65536)
[    6.579095] MPTCP token hash table entries: 65536 (order: 8, 1572864 bytes, vmalloc)
[    6.588508] UDP hash table entries: 65536 (order: 9, 2097152 bytes, vmalloc)
[    6.597112] UDP-Lite hash table entries: 65536 (order: 9, 2097152 bytes, vmalloc)
[    6.605759] NET: Registered PF_UNIX/PF_LOCAL protocol family
[    6.612096] NET: Registered PF_XDP protocol family
[    6.617501] pci 0000:00:01.0: PCI bridge to [bus 01-02]
[    6.623334] pci 0000:00:01.0:   bridge window [io  0x6000-0x6fff]
[    6.630144] pci 0000:00:01.0:   bridge window [mem 0xc6900000-0xc6cfffff]
[    6.637729] pci 0000:00:01.0:   bridge window [mem 0x3bfffe00000-0x3bfffefffff 64bit pref]
[    6.646966] pci 0000:00:01.1: PCI bridge to [bus 03]
[    6.652526] pci 0000:00:02.0: PCI bridge to [bus 04]
[    6.658088] pci 0000:00:02.2: PCI bridge to [bus 05]
[    6.663632] pci 0000:00:02.2:   bridge window [io  0x5000-0x5fff]
[    6.670439] pci 0000:00:02.2:   bridge window [mem 0xc6d00000-0xc6efffff]
[    6.678031] pci 0000:00:03.0: PCI bridge to [bus 06-07]
[    6.683862] pci 0000:00:03.0:   bridge window [io  0x4000-0x4fff]
[    6.690670] pci 0000:00:03.0:   bridge window [mem 0xc6f00000-0xc6ffffff]
[    6.698252] pci 0000:00:03.0:   bridge window [mem 0xc7800000-0xc7efffff 64bit pref]
[    6.706908] pci 0000:00:1c.0: PCI bridge to [bus 08]
[    6.712472] pci 0000:00:1c.3: PCI bridge to [bus 09]
[    6.718021] pci 0000:00:1c.3:   bridge window [mem 0xc5000000-0xc68fffff]
[    6.725616] pci_bus 0000:00: resource 4 [io  0x0000-0x0cf7 window]
[    6.732519] pci_bus 0000:00: resource 5 [io  0x1000-0x7fff window]
[    6.739419] pci_bus 0000:00: resource 6 [mem 0x000a0000-0x000bffff window]
[    6.747093] pci_bus 0000:00: resource 7 [mem 0x90000000-0xc7ffbfff window]
[    6.754767] pci_bus 0000:00: resource 8 [mem 0x38000000000-0x3bfffffffff window]
[    6.763027] pci_bus 0000:01: resource 0 [io  0x6000-0x6fff]
[    6.769250] pci_bus 0000:01: resource 1 [mem 0xc6900000-0xc6cfffff]
[    6.776246] pci_bus 0000:01: resource 2 [mem 0x3bfffe00000-0x3bfffefffff 64bit pref]
[    6.784884] pci_bus 0000:05: resource 0 [io  0x5000-0x5fff]
[    6.791104] pci_bus 0000:05: resource 1 [mem 0xc6d00000-0xc6efffff]
[    6.798100] pci_bus 0000:06: resource 0 [io  0x4000-0x4fff]
[    6.804311] pci_bus 0000:06: resource 1 [mem 0xc6f00000-0xc6ffffff]
[    6.811307] pci_bus 0000:06: resource 2 [mem 0xc7800000-0xc7efffff 64bit pref]
[    6.819362] pci_bus 0000:09: resource 1 [mem 0xc5000000-0xc68fffff]
[    6.826525] pci 0000:80:02.0: PCI bridge to [bus 81]
[    6.832091] pci_bus 0000:80: resource 4 [io  0x8000-0xffff window]
[    6.838990] pci_bus 0000:80: resource 5 [mem 0xc8000000-0xfbffbfff window]
[    6.846662] pci_bus 0000:80: resource 6 [mem 0x3c000000000-0x3ffffffffff window]
[    6.855224] pci 0000:00:05.0: disabled boot interrupts on device [8086:2f28]
[    6.886033] pci 0000:00:1a.0: quirk_usb_early_handoff+0x0/0x6f0 took 22387 usecs
[    6.918023] pci 0000:00:1d.0: quirk_usb_early_handoff+0x0/0x6f0 took 23152 usecs
[    6.926299] pci 0000:01:00.0: CLS mismatch (64 != 32), using 64 bytes
[    6.933499] pci 0000:80:05.0: disabled boot interrupts on device [8086:2f28]
[    6.941425] Unpacking initramfs...
[    6.941432] PCI-DMA: Using software bounce buffering for IO (SWIOTLB)
[    6.952412] software IO TLB: mapped [mem 0x00000000750cf000-0x00000000790cf000] (64MB)
[    6.967652] Initialise system trusted keyrings
[    6.972626] Key type blacklist registered
[    6.977213] workingset: timestamp_bits=36 max_order=26 bucket_order=0
[    6.999905] version string lalakis1
[    7.003802] BTF IDs:
[    7.006240] 0: 101986
[    7.008771] 1: 101987
[    7.011304] 2: 101988
[    7.013836] 3: 101990
[    7.016370] 4: 101992
[    7.018903] 5: 101994
[    7.021434] 6: 101995
[    7.023993] zbud: loaded
[    7.027254] squashfs: version 4.0 (2009/01/31) Phillip Lougher
[    7.033926] fuse: init (API version 7.39)
[    7.038628] integrity: Platform Keyring initialized
[    7.052661] Key type asymmetric registered
[    7.057232] Asymmetric key parser 'x509' registered
[    7.062711] Block layer SCSI generic (bsg) driver version 0.4 loaded (major 243)
[    7.071073] io scheduler mq-deadline registered
[    7.077100] pcieport 0000:00:01.0: PME: Signaling with IRQ 25
[    7.083611] pcieport 0000:00:01.0: AER: enabled with IRQ 25
[    7.090152] pcieport 0000:00:01.1: PME: Signaling with IRQ 26
[    7.096643] pcieport 0000:00:01.1: AER: enabled with IRQ 26
[    7.103163] pcieport 0000:00:02.0: PME: Signaling with IRQ 28
[    7.109672] pcieport 0000:00:02.0: AER: enabled with IRQ 28
[    7.116191] pcieport 0000:00:02.2: PME: Signaling with IRQ 29
[    7.122705] pcieport 0000:00:02.2: AER: enabled with IRQ 29
[    7.129218] pcieport 0000:00:03.0: PME: Signaling with IRQ 31
[    7.135716] pcieport 0000:00:03.0: AER: enabled with IRQ 31
[    7.142164] pcieport 0000:00:1c.0: PME: Signaling with IRQ 32
[    7.148814] pcieport 0000:00:1c.3: PME: Signaling with IRQ 33
[    7.155852] pcieport 0000:80:02.0: PME: Signaling with IRQ 35
[    7.162369] pcieport 0000:80:02.0: AER: enabled with IRQ 35
[    7.168949] shpchp: Standard Hot Plug PCI Controller Driver version: 0.4
[    7.171009] Freeing initrd memory: 44708K
[    7.176784] Monitor-Mwait will be used to enter C-1 state
[    7.180927] Monitor-Mwait will be used to enter C-2 state
[    7.180934] Monitor-Mwait will be used to enter C-2 state
[    7.180939] ACPI: \_SB_.SCK0.CP00: Found 3 idle states
[    7.189282] ACPI: AC: AC Adapter [P111] (on-line)
[    7.194665] input: Power Button as /devices/LNXSYSTM:00/LNXSYBUS:00/PNP0C0C:00/input/input0
[    7.204031] ACPI: button: Power Button [PWRB]
[    7.208933] input: Power Button as /devices/LNXSYSTM:00/LNXPWRBN:00/input/input1
[    7.217274] ACPI: button: Power Button [PWRF]
[    7.229766] ERST: Error Record Serialization Table (ERST) support is initialized.
[    7.238219] pstore: Using crash dump compression: deflate
[    7.244244] pstore: Registered erst as persistent store backend
[    7.251037] Serial: 8250/16550 driver, 32 ports, IRQ sharing enabled
[    7.278738] 00:02: ttyS0 at I/O 0x3f8 (irq = 4, base_baud = 115200) is a 16550A
[    7.308577] 00:03: ttyS1 at I/O 0x2f8 (irq = 3, base_baud = 115200) is a 16550A
[    7.320010] Linux agpgart interface v0.103
[    7.332243] loop: module loaded
[    7.336126] tun: Universal TUN/TAP device driver, 1.6
[    7.341824] PPP generic driver version 2.4.2
[    7.346770] VFIO - User Level meta-driver version: 0.3
[    7.352704] i8042: PNP: No PS/2 controller found.
[    7.352842] ehci-pci 0000:00:1a.0: EHCI Host Controller
[    7.358019] mousedev: PS/2 mouse device common for all mice
[    7.363804] ehci-pci 0000:00:1a.0: new USB bus registered, assigned bus number 1
[    7.370127] rtc_cmos 00:00: RTC can wake from S4
[    7.378381] ehci-pci 0000:00:1a.0: debug port 2
[    7.383798] rtc_cmos 00:00: registered as rtc0
[    7.392429] ehci-pci 0000:00:1a.0: irq 18, io mem 0xc7002000
[    7.393512] rtc_cmos 00:00: setting system clock to 2026-01-25T01:12:55 UTC (1769303575)
[    7.408828] rtc_cmos 00:00: alarms up to one month, y3k, 114 bytes nvram
[    7.416323] i2c_dev: i2c /dev entries driver
[    7.417891] ehci-pci 0000:00:1a.0: USB 2.0 started, EHCI 1.00
[    7.427561] usb usb1: New USB device found, idVendor=1d6b, idProduct=0002, bcdDevice= 6.06
[    7.429007] device-mapper: core: CONFIG_IMA_DISABLE_HTABLE is disabled. Duplicate IMA measurements will not be recorded in the IMA log.
[    7.436791] usb usb1: New USB device strings: Mfr=3, Product=2, SerialNumber=1
[    7.436796] usb usb1: Product: EHCI Host Controller
[    7.436798] usb usb1: Manufacturer: Linux 6.6.8-cache-ext+ ehci_hcd
[    7.436799] usb usb1: SerialNumber: 0000:00:1a.0
[    7.450428] device-mapper: uevent: version 1.0.3
[    7.458604] hub 1-0:1.0: USB hub found
[    7.463995] device-mapper: ioctl: 4.48.0-ioctl (2023-03-01) initialised: dm-devel@redhat.com
[    7.470891] hub 1-0:1.0: 2 ports detected
[    7.499317] intel_pstate: Intel P-state driver initializing
[    7.499526] ehci-pci 0000:00:1d.0: EHCI Host Controller
[    7.511396] ehci-pci 0000:00:1d.0: new USB bus registered, assigned bus number 2
[    7.519702] ehci-pci 0000:00:1d.0: debug port 2
[    7.528667] ehci-pci 0000:00:1d.0: irq 18, io mem 0xc7001000
[    7.536597] ledtrig-cpu: registered to indicate activity on CPUs
[    7.543580] drop_monitor: Initializing network drop monitor service
[    7.549894] ehci-pci 0000:00:1d.0: USB 2.0 started, EHCI 1.00
[    7.550764] NET: Registered PF_INET6 protocol family
[    7.557037] usb usb2: New USB device found, idVendor=1d6b, idProduct=0002, bcdDevice= 6.06
[    7.571218] Segment Routing with IPv6
[    7.571758] usb usb2: New USB device strings: Mfr=3, Product=2, SerialNumber=1
[    7.575856] In-situ OAM (IOAM) with IPv6
[    7.583902] usb usb2: Product: EHCI Host Controller
[    7.588306] NET: Registered PF_PACKET protocol family
[    7.593720] usb usb2: Manufacturer: Linux 6.6.8-cache-ext+ ehci_hcd
[    7.599509] Key type dns_resolver registered
[    7.606353] usb usb2: SerialNumber: 0000:00:1d.0
[    7.616527] hub 2-0:1.0: USB hub found
[    7.620722] hub 2-0:1.0: 2 ports detected
[    7.625217] microcode: Microcode Update Driver: v2.2.
[    7.626980] resctrl: L3 monitoring detected
[    7.637295] IPI shorthand broadcast: enabled
[    7.643931] sched_clock: Marking stable (5796206071, 1845853534)->(8009120643, -367061038)
[    7.653480] registered taskstats version 1
[    7.662228] Loading compiled-in X.509 certificates
[    7.668306] Loaded X.509 cert 'Build time autogenerated kernel key: a8286d2141d6f653e1a3cc44fb8ff9cd95218ed2'
[    7.681997] Key type .fscrypt registered
[    7.686380] Key type fscrypt-provisioning registered
[    7.698154] Key type encrypted registered
[    7.702643] AppArmor: AppArmor sha1 policy hashing enabled
[    7.708787] ima: No TPM chip found, activating TPM-bypass!
[    7.714917] Loading compiled-in module X.509 certificates
[    7.721487] Loaded X.509 cert 'Build time autogenerated kernel key: a8286d2141d6f653e1a3cc44fb8ff9cd95218ed2'
[    7.732563] ima: Allocated hash algorithm: sha1
[    7.737632] ima: No architecture policies found
[    7.742704] evm: Initialising EVM extended attributes:
[    7.748446] evm: security.selinux
[    7.752145] evm: security.SMACK64
[    7.755848] evm: security.SMACK64EXEC
[    7.757924] usb 1-1: new high-speed USB device number 2 using ehci-pci
[    7.759937] evm: security.SMACK64TRANSMUTE
[    7.771796] evm: security.SMACK64MMAP
[    7.775891] evm: security.apparmor
[    7.779691] evm: security.ima
[    7.783003] evm: security.capability
[    7.786992] evm: HMAC attrs: 0x1
[    7.791026] PM:   Magic number: 10:119:206
[    7.795914] acpi device:2e: hash matches
[    7.800631] RAS: Correctable Errors collector initialized.
[    7.806881] clk: Disabling unused clocks
[    7.812835] Freeing unused decrypted memory: 2036K
[    7.818928] Freeing unused kernel image (initmem) memory: 3072K
[    7.845982] Write protecting the kernel read-only data: 30720k
[    7.853100] Freeing unused kernel image (rodata/data gap) memory: 1212K
[    7.877917] usb 2-1: new high-speed USB device number 2 using ehci-pci
[    7.902491] x86/mm: Checked W+X mappings: passed, no W+X pages found.
[    7.909676] x86/mm: Checking user space page tables
[    7.922281] usb 1-1: New USB device found, idVendor=8087, idProduct=800a, bcdDevice= 0.05
[    7.931427] usb 1-1: New USB device strings: Mfr=0, Product=0, SerialNumber=0
[    7.939918] hub 1-1:1.0: USB hub found
[    7.944160] hub 1-1:1.0: 6 ports detected
[    7.955219] x86/mm: Checked W+X mappings: passed, no W+X pages found.
[    7.962416] Run /init as init process
[    7.966505]   with arguments:
[    7.966506]     /init
[    7.966507]   with environment:
[    7.966508]     HOME=/
[    7.966509]     TERM=linux
[    7.966509]     BOOT_IMAGE=/boot/vmlinuz-6.6.8-cache-ext+
[    7.966510]     emulabcnet=70:e4:22:83:d2:7e
[    7.977915] tsc: Refined TSC clocksource calibration: 2593.749 MHz
[    7.984842] clocksource: tsc: mask: 0xffffffffffffffff max_cycles: 0x25632b1b102, max_idle_ns: 440795335950 ns
[    7.996110] clocksource: Switched to clocksource tsc
[    8.050274] usb 2-1: New USB device found, idVendor=8087, idProduct=8002, bcdDevice= 0.05
[    8.059411] usb 2-1: New USB device strings: Mfr=0, Product=0, SerialNumber=0
[    8.067809] hub 2-1:1.0: USB hub found
[    8.072159] hub 2-1:1.0: 8 ports detected
[    8.183974] dca service started, version 1.12.1
[    8.193352] ahci 0000:00:11.4: version 3.0
[    8.193676] ahci 0000:00:11.4: AHCI 0001.0300 32 slots 4 ports 6 Gbps 0xf impl SATA mode
[    8.202720] ahci 0000:00:11.4: flags: 64bit ncq pm led clo pio slum part ems apst 
[    8.213057] mpt3sas version 43.100.00.00 loaded
[    8.218613] mpt3sas_cm0: 63 BIT PCI BUS DMA ADDRESSING SUPPORTED, total mem (164919172 kB)
[    8.228213] igb: Intel(R) Gigabit Ethernet Network Driver
[    8.234249] igb: Copyright (c) 2007-2014 Intel Corporation.
[    8.241034] igb 0000:01:00.0: PHY reset is blocked due to SOL/IDER session.
[    8.249419] ixgbe: Intel(R) 10 Gigabit PCI Express Network Driver
[    8.256228] ixgbe: Copyright (c) 1999-2016 Intel Corporation.
[    8.258456] scsi host1: ahci
[    8.266442] scsi host2: ahci
[    8.298426] scsi host3: ahci
[    8.301873] scsi host4: ahci
[    8.305154] ata1: SATA max UDMA/133 abar m2048@0xc7004000 port 0xc7004100 irq 36
[    8.313423] ata2: SATA max UDMA/133 abar m2048@0xc7004000 port 0xc7004180 irq 36
[    8.321685] ata3: SATA max UDMA/133 abar m2048@0xc7004000 port 0xc7004200 irq 36
[    8.329944] ata4: SATA max UDMA/133 abar m2048@0xc7004000 port 0xc7004280 irq 36
[    8.338617] ahci 0000:00:1f.2: AHCI 0001.0300 32 slots 6 ports 6 Gbps 0x3f impl SATA mode
[    8.347758] ahci 0000:00:1f.2: flags: 64bit ncq pm led clo pio slum part ems apst 
[    8.357686] igb 0000:01:00.0: added PHC on eth0
[    8.362761] igb 0000:01:00.0: Intel(R) Gigabit Ethernet Network Connection
[    8.369876] usb 2-1.4: new high-speed USB device number 3 using ehci-pci
[    8.370441] igb 0000:01:00.0: eth0: (PCIe:5.0Gb/s:Width x4) 70:e4:22:83:d2:7e
[    8.385956] igb 0000:01:00.0: eth0: PBA No: FFFFFF-0FF
[    8.391691] igb 0000:01:00.0: Using MSI-X interrupts. 8 rx queue(s), 8 tx queue(s)
[    8.400775] igb 0000:01:00.1: PHY reset is blocked due to SOL/IDER session.
[    8.439323] mpt3sas_cm0: CurrentHostPageSize is 0: Setting default host page size to 4k
[    8.448285] mpt3sas_cm0: MSI-X vectors supported: 96
[    8.453829] 	 no of cores: 40, max_msix_vectors: -1
[    8.459281] mpt3sas_cm0:  0 40 40
[    8.463957] mpt3sas_cm0: High IOPs queues : disabled
[    8.490281] usb 2-1.4: New USB device found, idVendor=0424, idProduct=2512, bcdDevice= b.b3
[    8.494816] mpt3sas0-msix0: PCI-MSI-X enabled: IRQ 58
[    8.499619] usb 2-1.4: New USB device strings: Mfr=0, Product=0, SerialNumber=0
[    8.500005] hub 2-1.4:1.0: USB hub found
[    8.505291] igb 0000:01:00.1: added PHC on eth1
[    8.513531] hub 2-1.4:1.0: 2 ports detected
[    8.517820] igb 0000:01:00.1: Intel(R) Gigabit Ethernet Network Connection
[    8.535218] igb 0000:01:00.1: eth1: (PCIe:5.0Gb/s:Width x4) 70:e4:22:83:d2:7f
[    8.543259] igb 0000:01:00.1: eth1: PBA No: FFFFFF-0FF
[    8.548999] igb 0000:01:00.1: Using MSI-X interrupts. 8 rx queue(s), 8 tx queue(s)
[    8.557475] mpt3sas0-msix1: PCI-MSI-X enabled: IRQ 59
[    8.563121] mpt3sas0-msix2: PCI-MSI-X enabled: IRQ 60
[    8.569490] ixgbe 0000:06:00.0: Multiqueue Enabled: Rx Queue count = 40, Tx Queue count = 40 XDP Queue count = 0
[    8.581146] ixgbe 0000:06:00.0: 32.000 Gb/s available PCIe bandwidth (5.0 GT/s PCIe x8 link)
[    8.590888] ixgbe 0000:06:00.0: MAC: 2, PHY: 14, SFP+: 3, PBA No: E68793-000
[    8.598764] ixgbe 0000:06:00.0: 90:e2:ba:b3:bb:d0
[    8.601876] usb 2-1.6: new full-speed USB device number 4 using ehci-pci
[    8.604457] mpt3sas0-msix3: PCI-MSI-X enabled: IRQ 61
[    8.617145] mpt3sas0-msix4: PCI-MSI-X enabled: IRQ 62
[    8.623015] mpt3sas0-msix5: PCI-MSI-X enabled: IRQ 63
[    8.628672] mpt3sas0-msix6: PCI-MSI-X enabled: IRQ 64
[    8.634341] scsi host5: ahci
[    8.637619] mpt3sas0-msix7: PCI-MSI-X enabled: IRQ 65
[    8.644378] ixgbe 0000:06:00.0: Intel(R) 10 Gigabit Network Connection
[    8.651734] scsi host6: ahci
[    8.652825] ata4: SATA link down (SStatus 0 SControl 300)
[    8.655015] mpt3sas0-msix8: PCI-MSI-X enabled: IRQ 66
[    8.661027] ata2: SATA link down (SStatus 0 SControl 300)
[    8.666766] scsi host7: ahci
[    8.672685] ata3: SATA link down (SStatus 0 SControl 300)
[    8.676170] mpt3sas0-msix9: PCI-MSI-X enabled: IRQ 67
[    8.681929] ata1: SATA link down (SStatus 0 SControl 300)
[    8.706886] mpt3sas0-msix10: PCI-MSI-X enabled: IRQ 68
[    8.712652] scsi host8: ahci
[    8.715934] mpt3sas0-msix11: PCI-MSI-X enabled: IRQ 69
[    8.720530] usb 2-1.6: New USB device found, idVendor=0624, idProduct=0402, bcdDevice= 0.00
[    8.721695] mpt3sas0-msix12: PCI-MSI-X enabled: IRQ 70
[    8.725931] igb 0000:01:00.0 enp1s0f0: renamed from eth0
[    8.730994] usb 2-1.6: New USB device strings: Mfr=1, Product=2, SerialNumber=3
[    8.730998] usb 2-1.6: Product: Cisco USB Composite Device-0
[    8.736768] scsi host9: ahci
[    8.742667] usb 2-1.6: Manufacturer: Avocent
[    8.742670] usb 2-1.6: SerialNumber: 20111102-00000001
[    8.770859] mpt3sas0-msix13: PCI-MSI-X enabled: IRQ 71
[    8.776695] mpt3sas0-msix14: PCI-MSI-X enabled: IRQ 74
[    8.777183] hid: raw HID events driver (C) Jiri Kosina
[    8.782446] mpt3sas0-msix15: PCI-MSI-X enabled: IRQ 75
[    8.793989] mpt3sas0-msix16: PCI-MSI-X enabled: IRQ 76
[    8.799737] mpt3sas0-msix17: PCI-MSI-X enabled: IRQ 77
[    8.805539] scsi host10: ahci
[    8.808900] ata5: SATA max UDMA/133 abar m2048@0xc7000000 port 0xc7000100 irq 47
[    8.817163] ata6: SATA max UDMA/133 abar m2048@0xc7000000 port 0xc7000180 irq 47
[    8.825424] ata7: SATA max UDMA/133 abar m2048@0xc7000000 port 0xc7000200 irq 47
[    8.827642] usbcore: registered new interface driver usbhid
[    8.829965] igb 0000:01:00.1 enp1s0f1: renamed from eth1
[    8.833683] ata8: SATA max UDMA/133 abar m2048@0xc7000000 port 0xc7000280 irq 47
[    8.833685] ata9: SATA max UDMA/133 abar m2048@0xc7000000 port 0xc7000300 irq 47
[    8.833687] ata10: SATA max UDMA/133 abar m2048@0xc7000000 port 0xc7000380 irq 47
[    8.833700] mpt3sas0-msix18: PCI-MSI-X enabled: IRQ 78
[    8.839911] usbhid: USB HID core driver
[    8.845845] mpt3sas0-msix19: PCI-MSI-X enabled: IRQ 79
[    8.886494] mpt3sas0-msix20: PCI-MSI-X enabled: IRQ 80
[    8.892240] mpt3sas0-msix21: PCI-MSI-X enabled: IRQ 81
[    8.897986] mpt3sas0-msix22: PCI-MSI-X enabled: IRQ 82
[    8.927585] mpt3sas0-msix23: PCI-MSI-X enabled: IRQ 83
[    8.933322] mpt3sas0-msix24: PCI-MSI-X enabled: IRQ 84
[    8.939058] mpt3sas0-msix25: PCI-MSI-X enabled: IRQ 85
[    8.945365] ixgbe 0000:06:00.1: Multiqueue Enabled: Rx Queue count = 40, Tx Queue count = 40 XDP Queue count = 0
[    8.957013] ixgbe 0000:06:00.1: 32.000 Gb/s available PCIe bandwidth (5.0 GT/s PCIe x8 link)
[    8.966753] ixgbe 0000:06:00.1: MAC: 2, PHY: 14, SFP+: 4, PBA No: E68793-000
[    8.974621] ixgbe 0000:06:00.1: 90:e2:ba:b3:bb:d1
[    8.980186] mpt3sas0-msix26: PCI-MSI-X enabled: IRQ 86
[    8.985953] mpt3sas0-msix27: PCI-MSI-X enabled: IRQ 87
[    8.991692] mpt3sas0-msix28: PCI-MSI-X enabled: IRQ 88
[    8.997436] mpt3sas0-msix29: PCI-MSI-X enabled: IRQ 89
[    9.003171] mpt3sas0-msix30: PCI-MSI-X enabled: IRQ 90
[    9.008907] mpt3sas0-msix31: PCI-MSI-X enabled: IRQ 91
[    9.015220] mpt3sas0-msix32: PCI-MSI-X enabled: IRQ 92
[    9.020958] mpt3sas0-msix33: PCI-MSI-X enabled: IRQ 93
[    9.026983] ixgbe 0000:06:00.1: Intel(R) 10 Gigabit Network Connection
[    9.034363] mpt3sas0-msix34: PCI-MSI-X enabled: IRQ 94
[    9.040098] mpt3sas0-msix35: PCI-MSI-X enabled: IRQ 95
[    9.045834] mpt3sas0-msix36: PCI-MSI-X enabled: IRQ 96
[    9.051569] mpt3sas0-msix37: PCI-MSI-X enabled: IRQ 97
[    9.057295] mpt3sas0-msix38: PCI-MSI-X enabled: IRQ 98
[    9.063038] mpt3sas0-msix39: PCI-MSI-X enabled: IRQ 99
[    9.068791] mpt3sas_cm0: iomem(0x00000000c6e40000), mapped(0x00000000d962829b), size(65536)
[    9.078114] mpt3sas_cm0: ioport(0x0000000000005000), size(256)
[    9.142580] mpt3sas_cm0: CurrentHostPageSize is 0: Setting default host page size to 4k
[    9.149109] ata9: SATA link down (SStatus 0 SControl 300)
[    9.151526] mpt3sas_cm0: sending message unit reset !!
[    9.153076] mpt3sas_cm0: message unit reset: SUCCESS
[    9.157602] ata5: SATA link down (SStatus 0 SControl 300)
[    9.174911] ata6: SATA link down (SStatus 0 SControl 300)
[    9.180963] ata7: SATA link down (SStatus 0 SControl 300)
[    9.187016] ata10: SATA link down (SStatus 0 SControl 300)
[    9.191097] mpt3sas_cm0: scatter gather: sge_in_main_msg(1), sge_per_chain(7), sge_per_io(128), chains_per_io(19)
[    9.193184] ata8: SATA link down (SStatus 0 SControl 300)
[    9.208800] mpt3sas_cm0: request pool(0x00000000e0711730) - dma(0x10c200000): depth(9960), frame_size(128), pool_size(1245 kB)
[    9.238212] mpt3sas_cm0: sense pool(0x0000000035b8f77b) - dma(0x115b00000): depth(9747), element_size(96), pool_size (913 kB)
[    9.251218] input: Avocent Cisco USB Composite Device-0 as /devices/pci0000:00/0000:00:1d.0/usb2/2-1/2-1.6/2-1.6:1.0/0003:0624:0402.0001/input/input2
[    9.251454] mpt3sas_cm0: reply pool(0x000000000ba937fa) - dma(0x115c00000): depth(10024), frame_size(128), pool_size(1253 kB)
[    9.261946] ixgbe 0000:06:00.0 enp6s0f0: renamed from eth2
[    9.284998] mpt3sas_cm0: config page(0x00000000b0f7f150) - dma(0x115a42000): size(512)
[    9.293838] mpt3sas_cm0: Allocated physical memory: size(34100 kB)
[    9.300749] mpt3sas_cm0: Current Controller Queue Depth(9744),Max Controller Queue Depth(9856)
[    9.310375] mpt3sas_cm0: Scatter Gather Elements per IO(128)
[    9.326061] hid-generic 0003:0624:0402.0001: input,hidraw0: USB HID v1.00 Keyboard [Avocent Cisco USB Composite Device-0] on usb-0000:00:1d.0-1.6/input0
[    9.341448] input: Avocent Cisco USB Composite Device-0 as /devices/pci0000:00/0000:00:1d.0/usb2/2-1/2-1.6/2-1.6:1.1/0003:0624:0402.0002/input/input3
[    9.356579] hid-generic 0003:0624:0402.0002: input,hidraw1: USB HID v1.00 Mouse [Avocent Cisco USB Composite Device-0] on usb-0000:00:1d.0-1.6/input1
[    9.371669] input: Avocent Cisco USB Composite Device-0 as /devices/pci0000:00/0000:00:1d.0/usb2/2-1/2-1.6/2-1.6:1.2/0003:0624:0402.0003/input/input4
[    9.374047] ixgbe 0000:06:00.1 enp6s0f1: renamed from eth0
[    9.386774] hid-generic 0003:0624:0402.0003: input,hidraw2: USB HID v1.00 Mouse [Avocent Cisco USB Composite Device-0] on usb-0000:00:1d.0-1.6/input2
[    9.484912] mpt3sas_cm0: _base_display_fwpkg_version: complete
[    9.491438] mpt3sas_cm0: FW Package Ver(13.00.00.12)
[    9.497247] mpt3sas_cm0: LSISAS3108: FWVersion(13.00.08.00), ChipRevision(0x02)
[    9.505406] mpt3sas_cm0: Protocol=(Initiator,Target), Capabilities=(TLR,EEDP,Snapshot Buffer,Diag Trace Buffer,Task Set Full,NCQ)
[    9.518470] scsi host0: Fusion MPT SAS Host
[    9.526324] mpt3sas_cm0: sending port enable !!
[    9.531858] mpt3sas_cm0: hba_port entry: 00000000df726e1b, port: 255 is added to hba_port list
[    9.542401] mpt3sas_cm0: host_add: handle(0x0001), sas_addr(0x578da6e715bea490), phys(8)
[    9.551759] mpt3sas_cm0: handle(0x9) sas_address(0x5000cca072a91d65) port_type(0x1)
[    9.560415] mpt3sas_cm0: handle(0xb) sas_address(0x5000cca072aa4701) port_type(0x1)
[    9.569067] mpt3sas_cm0: handle(0xa) sas_address(0x4433221102000000) port_type(0x1)
[    9.589893] mpt3sas_cm0: port enable: SUCCESS
[    9.595568] scsi 0:0:0:0: Direct-Access     HGST     HUC101212CSS600  A469 PQ: 0 ANSI: 6
[    9.604628] scsi 0:0:0:0: SSP: handle(0x0009), sas_addr(0x5000cca072a91d65), phy(0), device_name(0x5000cca072a91d67)
[    9.616378] scsi 0:0:0:0: enclosure logical id (0x578da6e715bea490), slot(1) 
[    9.624345] scsi 0:0:0:0: enclosure level(0x0000), connector name(     )
[    9.631843] scsi 0:0:0:0: qdepth(254), tagged(1), scsi_level(7), cmd_que(1)
[    9.640744]  end_device-0:0: add: handle(0x0009), sas_addr(0x5000cca072a91d65)
[    9.649497] scsi 0:0:1:0: Direct-Access     HGST     HUC101212CSS600  A469 PQ: 0 ANSI: 6
[    9.658550] scsi 0:0:1:0: SSP: handle(0x000b), sas_addr(0x5000cca072aa4701), phy(1), device_name(0x5000cca072aa4703)
[    9.670297] scsi 0:0:1:0: enclosure logical id (0x578da6e715bea490), slot(2) 
[    9.678264] scsi 0:0:1:0: enclosure level(0x0000), connector name(     )
[    9.685754] scsi 0:0:1:0: qdepth(254), tagged(1), scsi_level(7), cmd_que(1)
[    9.694629]  end_device-0:1: add: handle(0x000b), sas_addr(0x5000cca072aa4701)
[    9.703590] scsi 0:0:2:0: Direct-Access     ATA      INTEL SSDSC2BB48 0374 PQ: 0 ANSI: 6
[    9.712643] scsi 0:0:2:0: SATA: handle(0x000a), sas_addr(0x4433221102000000), phy(2), device_name(0x55cd2e404c609590)
[    9.724488] scsi 0:0:2:0: enclosure logical id (0x578da6e715bea490), slot(3) 
[    9.732455] scsi 0:0:2:0: enclosure level(0x0000), connector name(     )
[    9.739988] scsi 0:0:2:0: atapi(n), ncq(y), asyn_notify(n), smart(y), fua(y), sw_preserve(y)
[    9.749411] scsi 0:0:2:0: qdepth(32), tagged(1), scsi_level(7), cmd_que(1)
[    9.758911]  end_device-0:2: add: handle(0x000a), sas_addr(0x4433221102000000)
[    9.767453] sd 0:0:0:0: Attached scsi generic sg0 type 0
[    9.767842] sd 0:0:0:0: [sda] 2344225968 512-byte logical blocks: (1.20 TB/1.09 TiB)
[    9.773589] sd 0:0:1:0: Attached scsi generic sg1 type 0
[    9.773897] sd 0:0:1:0: [sdb] 2344225968 512-byte logical blocks: (1.20 TB/1.09 TiB)
[    9.774148] sd 0:0:1:0: [sdb] Write Protect is off
[    9.774153] sd 0:0:1:0: [sdb] Mode Sense: f7 00 10 08
[    9.774464] sd 0:0:1:0: [sdb] Write cache: enabled, read cache: enabled, supports DPO and FUA
[    9.781362] sd 0:0:1:0: [sdb] Attached SCSI disk
[    9.782286] sd 0:0:0:0: [sda] Write Protect is off
[    9.788152] sd 0:0:2:0: Attached scsi generic sg2 type 0
[    9.788286] sd 0:0:2:0: Power-on or device reset occurred
[    9.788641] sd 0:0:2:0: [sdc] 937703088 512-byte logical blocks: (480 GB/447 GiB)
[    9.788647] sd 0:0:2:0: [sdc] 4096-byte physical blocks
[    9.789200] sd 0:0:2:0: [sdc] Write Protect is off
[    9.789205] sd 0:0:2:0: [sdc] Mode Sense: 9b 00 10 08
[    9.789530] sd 0:0:2:0: [sdc] Write cache: enabled, read cache: enabled, supports DPO and FUA
[    9.791919] sd 0:0:2:0: [sdc] Attached SCSI disk
[    9.796631] sd 0:0:0:0: [sda] Mode Sense: f7 00 10 08
[    9.868458] sd 0:0:0:0: [sda] Write cache: enabled, read cache: enabled, supports DPO and FUA
[    9.907365]  sda: sda1 sda2 sda3 sda4 sda99
[    9.912453] sd 0:0:0:0: [sda] Attached SCSI disk
[   10.405888] raid6: avx2x4   gen() 26174 MB/s
[   10.477886] raid6: avx2x2   gen() 28848 MB/s
[   10.549886] raid6: avx2x1   gen() 28156 MB/s
[   10.554648] raid6: using algorithm avx2x2 gen() 28848 MB/s
[   10.625889] raid6: .... xor() 18680 MB/s, rmw enabled
[   10.631526] raid6: using avx2x2 recovery algorithm
[   10.638674] async_tx: api initialized (async)
[   10.644806] xor: automatically using best checksumming function   avx       
[   11.234379] EXT4-fs (sda3): mounting ext3 file system using the ext4 subsystem
[   11.733998] EXT4-fs (sda3): mounted filesystem 571337a8-0ea6-44bd-9cfc-6cb9719427c1 ro with ordered data mode. Quota mode: none.
[   12.604941] systemd[1]: Inserted module 'autofs4'
[   12.734463] systemd[1]: systemd 249.11-0ubuntu3.16 running in system mode (+PAM +AUDIT +SELINUX +APPARMOR +IMA +SMACK +SECCOMP +GCRYPT +GNUTLS +OPENSSL +ACL +BLKID +CURL +ELFUTILS +FIDO2 +IDN2 -IDN +IPTC +KMOD +LIBCRYPTSETUP +LIBFDISK +PCRE2 -PWQUALITY -P11KIT -QRENCODE +BZIP2 +LZ4 +XZ +ZLIB +ZSTD -XKBCOMMON +UTMP +SYSVINIT default-hierarchy=unified)
[   12.769394] systemd[1]: Detected architecture x86-64.
[   12.803561] systemd[1]: Hostname set to <localhost>.
[   13.615598] block sda: the capability attribute has been deprecated.
[   13.834365] systemd[1]: Configuration file /run/systemd/system/netplan-ovs-cleanup.service is marked world-inaccessible. This has no effect as configuration data is accessible via APIs without restrictions. Proceeding anyway.
[   14.187348] systemd[1]: Queued start job for default target Graphical Interface.
[   14.214824] systemd[1]: Created slice Slice /system/modprobe.
[   14.238628] systemd[1]: Created slice Slice /system/serial-getty.
[   14.262552] systemd[1]: Created slice Slice /system/systemd-fsck.
[   14.286385] systemd[1]: Created slice User and Session Slice.
[   14.310099] systemd[1]: Started ntp-systemd-netif.path.
[   14.334159] systemd[1]: Started Dispatch Password Requests to Console Directory Watch.
[   14.362139] systemd[1]: Started Forward Password Requests to Wall Directory Watch.
[   14.390310] systemd[1]: Set up automount Arbitrary Executable File Formats File System Automount Point.
[   14.418091] systemd[1]: Reached target Local Encrypted Volumes.
[   14.442080] systemd[1]: Reached target Path Units.
[   14.462034] systemd[1]: Reached target Slice Units.
[   14.482058] systemd[1]: Reached target Local Verity Protected Volumes.
[   14.506177] systemd[1]: Listening on Device-mapper event daemon FIFOs.
[   14.530347] systemd[1]: Listening on LVM2 poll daemon socket.
[   14.580238] systemd[1]: Listening on RPCbind Server Activation Socket.
[   14.610313] systemd[1]: Listening on Syslog Socket.
[   14.634289] systemd[1]: Listening on fsck to fsckd communication Socket.
[   14.662159] systemd[1]: Listening on initctl Compatibility Named Pipe.
[   14.686506] systemd[1]: Listening on Journal Audit Socket.
[   14.710255] systemd[1]: Listening on Journal Socket (/dev/log).
[   14.734364] systemd[1]: Listening on Journal Socket.
[   14.754367] systemd[1]: Listening on udev Control Socket.
[   14.778227] systemd[1]: Listening on udev Kernel Socket.
[   14.818118] systemd[1]: Mounting Huge Pages File System...
[   14.839890] systemd[1]: Mounting POSIX Message Queue File System...
[   14.863930] systemd[1]: Mounting Kernel Debug File System...
[   14.887856] systemd[1]: Mounting Kernel Trace File System...
[   14.913973] systemd[1]: Starting Journal Service...
[   14.934065] systemd[1]: Condition check resulted in Kernel Module supporting RPCSEC_GSS being skipped.
[   14.966225] systemd[1]: Starting Set the console keyboard layout...
[   14.992179] systemd[1]: Starting Create List of Static Device Nodes...
[   15.019929] systemd[1]: Starting Monitoring of LVM2 mirrors, snapshots etc. using dmeventd or progress polling...
[   15.051330] systemd[1]: Starting Load Kernel Module configfs...
[   15.075370] systemd[1]: Starting Load Kernel Module drm...
[   15.099292] systemd[1]: Starting Load Kernel Module efi_pstore...
[   15.123187] systemd[1]: Starting Load Kernel Module fuse...
[   15.146043] systemd[1]: Condition check resulted in OpenVSwitch configuration for cleanup being skipped.
[   15.156764] systemd[1]: Condition check resulted in File System Check on Root Device being skipped.
[   15.226166] systemd[1]: Starting Load Kernel Modules...
[   15.247511] systemd[1]: Starting Remount Root and Kernel File Systems...
[   15.271467] systemd[1]: Starting Coldplug All udev Devices...
[   15.272552] EXT4-fs (sda3): re-mounted 571337a8-0ea6-44bd-9cfc-6cb9719427c1 r/w. Quota mode: none.
[   15.304198] systemd[1]: Started Journal Service.
[   15.335685] ACPI: bus type drm_connector registered
[   15.663819] systemd-journald[645]: Received client request to flush runtime journal.
[   16.986974] power_meter ACPI000D:00: Found ACPI power meter.
[   16.986994] power_meter ACPI000D:00: Ignoring unsafe software power cap!
[   16.986999] power_meter ACPI000D:00: hwmon_device_register() is deprecated. Please convert the driver to use hwmon_device_register_with_info().
[   17.037423] IPMI message handler: version 39.2
[   17.092614] ipmi device interface
[   17.094307] power_meter ACPI000D:01: Found ACPI power meter.
[   17.094342] power_meter ACPI000D:01: Ignoring unsafe software power cap!
[   17.094348] power_meter ACPI000D:01: hwmon_device_register() is deprecated. Please convert the driver to use hwmon_device_register_with_info().
[   17.631825] ipmi_si: IPMI System Interface driver
[   17.631870] ipmi_si dmi-ipmi-si.0: ipmi_platform: probing via SMBIOS
[   17.631876] ipmi_platform: ipmi_si: SMBIOS: io 0xca2 regsize 1 spacing 1 irq 0
[   17.631882] ipmi_si: Adding SMBIOS-specified kcs state machine
[   17.631999] ipmi_si IPI0001:00: ipmi_platform: probing via ACPI
[   17.632278] ipmi_si IPI0001:00: ipmi_platform: [io  0x0ca2] regsize 1 spacing 1 irq 0
[   17.632676] ipmi_si dmi-ipmi-si.0: Removing SMBIOS-specified kcs state machine in favor of ACPI
[   17.632684] ipmi_si: Adding ACPI-specified kcs state machine
[   17.632863] ipmi_si: Trying ACPI-specified kcs state machine at i/o address 0xca2, slave address 0x20, irq 0
[   17.947045] ipmi_si IPI0001:00: IPMI message handler: Found new BMC (man_id: 0x00168b, prod_id: 0x0015, dev_id: 0x20)
[   17.993206] ipmi_si IPI0001:00: IPMI kcs interface initialized
[   18.018957] mei_me 0000:00:16.0: Device doesn't have valid ME Interface
[   18.060215] RAPL PMU: API unit is 2^-32 Joules, 2 fixed counters, 655360 ms ovfl timer
[   18.060220] RAPL PMU: hw unit of domain package 2^-14 Joules
[   18.060221] RAPL PMU: hw unit of domain dram 2^-16 Joules
[   18.187476] cryptd: max_cpu_qlen set to 1000
[   18.190467] ipmi_ssif: IPMI SSIF Interface driver
[   18.287648] AVX2 version of gcm_enc/dec engaged.
[   18.287846] AES CTR mode by8 optimization enabled
[   18.397436] mgag200 0000:09:00.0: vgaarb: deactivate vga console
[   18.398767] Console: switching to colour dummy device 80x25
[   18.403687] [drm] Initialized mgag200 1.0.0 20110418 for 0000:09:00.0 on minor 0
[   18.406273] fbcon: mgag200drmfb (fb0) is primary device
[   18.468784] Console: switching to colour frame buffer device 128x48
[   18.516198] mgag200 0000:09:00.0: [drm] fb0: mgag200drmfb frame buffer device
[   18.975809] Adding 8389184k swap on /dev/sda99.  Priority:-2 extents:1 across:8389184k 
[   18.989051] EXT4-fs (sda4): mounted filesystem b2d25c06-94af-449d-835e-a8a729701ec6 r/w with ordered data mode. Quota mode: none.
[   19.352426] EDAC sbridge: Seeking for: PCI ID 8086:2fa0
[   19.352453] EDAC sbridge: Seeking for: PCI ID 8086:2fa0
[   19.352477] EDAC sbridge: Seeking for: PCI ID 8086:2fa0
[   19.352499] EDAC sbridge: Seeking for: PCI ID 8086:2f60
[   19.352505] EDAC sbridge: Seeking for: PCI ID 8086:2f60
[   19.352513] EDAC sbridge: Seeking for: PCI ID 8086:2f60
[   19.352520] EDAC sbridge: Seeking for: PCI ID 8086:2fa8
[   19.352525] EDAC sbridge: Seeking for: PCI ID 8086:2fa8
[   19.352533] EDAC sbridge: Seeking for: PCI ID 8086:2fa8
[   19.352539] EDAC sbridge: Seeking for: PCI ID 8086:2f71
[   19.352544] EDAC sbridge: Seeking for: PCI ID 8086:2f71
[   19.352552] EDAC sbridge: Seeking for: PCI ID 8086:2f71
[   19.352558] EDAC sbridge: Seeking for: PCI ID 8086:2faa
[   19.352563] EDAC sbridge: Seeking for: PCI ID 8086:2faa
[   19.352571] EDAC sbridge: Seeking for: PCI ID 8086:2faa
[   19.352577] EDAC sbridge: Seeking for: PCI ID 8086:2fab
[   19.352583] EDAC sbridge: Seeking for: PCI ID 8086:2fab
[   19.352591] EDAC sbridge: Seeking for: PCI ID 8086:2fab
[   19.352596] EDAC sbridge: Seeking for: PCI ID 8086:2fac
[   19.352610] EDAC sbridge: Seeking for: PCI ID 8086:2fad
[   19.352623] EDAC sbridge: Seeking for: PCI ID 8086:2f68
[   19.352629] EDAC sbridge: Seeking for: PCI ID 8086:2f68
[   19.352637] EDAC sbridge: Seeking for: PCI ID 8086:2f68
[   19.352642] EDAC sbridge: Seeking for: PCI ID 8086:2f79
[   19.352649] EDAC sbridge: Seeking for: PCI ID 8086:2f79
[   19.352657] EDAC sbridge: Seeking for: PCI ID 8086:2f79
[   19.352662] EDAC sbridge: Seeking for: PCI ID 8086:2f6a
[   19.352668] EDAC sbridge: Seeking for: PCI ID 8086:2f6a
[   19.352676] EDAC sbridge: Seeking for: PCI ID 8086:2f6a
[   19.352681] EDAC sbridge: Seeking for: PCI ID 8086:2f6b
[   19.352688] EDAC sbridge: Seeking for: PCI ID 8086:2f6b
[   19.352696] EDAC sbridge: Seeking for: PCI ID 8086:2f6b
[   19.352701] EDAC sbridge: Seeking for: PCI ID 8086:2f6c
[   19.352714] EDAC sbridge: Seeking for: PCI ID 8086:2f6d
[   19.352727] EDAC sbridge: Seeking for: PCI ID 8086:2ffc
[   19.352732] EDAC sbridge: Seeking for: PCI ID 8086:2ffc
[   19.352740] EDAC sbridge: Seeking for: PCI ID 8086:2ffc
[   19.352747] EDAC sbridge: Seeking for: PCI ID 8086:2ffd
[   19.352751] EDAC sbridge: Seeking for: PCI ID 8086:2ffd
[   19.352759] EDAC sbridge: Seeking for: PCI ID 8086:2ffd
[   19.352766] EDAC sbridge: Seeking for: PCI ID 8086:2fbd
[   19.352773] EDAC sbridge: Seeking for: PCI ID 8086:2fbd
[   19.352780] EDAC sbridge: Seeking for: PCI ID 8086:2fbd
[   19.352786] EDAC sbridge: Seeking for: PCI ID 8086:2fbf
[   19.352792] EDAC sbridge: Seeking for: PCI ID 8086:2fbf
[   19.352800] EDAC sbridge: Seeking for: PCI ID 8086:2fbf
[   19.352806] EDAC sbridge: Seeking for: PCI ID 8086:2fb9
[   19.352813] EDAC sbridge: Seeking for: PCI ID 8086:2fb9
[   19.352820] EDAC sbridge: Seeking for: PCI ID 8086:2fb9
[   19.352825] EDAC sbridge: Seeking for: PCI ID 8086:2fbb
[   19.352832] EDAC sbridge: Seeking for: PCI ID 8086:2fbb
[   19.352840] EDAC sbridge: Seeking for: PCI ID 8086:2fbb
[   19.352978] EDAC MC0: Giving out device to module sb_edac controller Haswell SrcID#1_Ha#0: DEV 0000:ff:12.0 (INTERRUPT)
[   19.353080] EDAC MC1: Giving out device to module sb_edac controller Haswell SrcID#0_Ha#0: DEV 0000:7f:12.0 (INTERRUPT)
[   19.353182] EDAC MC2: Giving out device to module sb_edac controller Haswell SrcID#1_Ha#1: DEV 0000:ff:12.4 (INTERRUPT)
[   19.353281] EDAC MC3: Giving out device to module sb_edac controller Haswell SrcID#0_Ha#1: DEV 0000:7f:12.4 (INTERRUPT)
[   19.353283] EDAC sbridge:  Ver: 1.1.2 
[   19.480210] intel_rapl_common: Found RAPL domain package
[   19.480221] intel_rapl_common: Found RAPL domain dram
[   19.480669] intel_rapl_common: Found RAPL domain package
[   19.480684] intel_rapl_common: Found RAPL domain dram
[   19.645153] audit: type=1400 audit(1769303587.746:2): apparmor="STATUS" operation="profile_load" profile="unconfined" name="nvidia_modprobe" pid=1055 comm="apparmor_parser"
[   19.645742] audit: type=1400 audit(1769303587.746:3): apparmor="STATUS" operation="profile_load" profile="unconfined" name="nvidia_modprobe//kmod" pid=1055 comm="apparmor_parser"
[   19.650735] audit: type=1400 audit(1769303587.754:4): apparmor="STATUS" operation="profile_load" profile="unconfined" name="lsb_release" pid=1054 comm="apparmor_parser"
[   19.671737] audit: type=1400 audit(1769303587.774:5): apparmor="STATUS" operation="profile_load" profile="unconfined" name="/usr/bin/man" pid=1057 comm="apparmor_parser"
[   19.672087] audit: type=1400 audit(1769303587.774:6): apparmor="STATUS" operation="profile_load" profile="unconfined" name="man_filter" pid=1057 comm="apparmor_parser"
[   19.672645] audit: type=1400 audit(1769303587.774:7): apparmor="STATUS" operation="profile_load" profile="unconfined" name="man_groff" pid=1057 comm="apparmor_parser"
[   19.707162] audit: type=1400 audit(1769303587.810:8): apparmor="STATUS" operation="profile_load" profile="unconfined" name="/usr/sbin/ntpd" pid=1059 comm="apparmor_parser"
[   19.722917] audit: type=1400 audit(1769303587.826:9): apparmor="STATUS" operation="profile_load" profile="unconfined" name="tcpdump" pid=1058 comm="apparmor_parser"
[   19.801695] audit: type=1400 audit(1769303587.902:10): apparmor="STATUS" operation="profile_load" profile="unconfined" name="/usr/lib/NetworkManager/nm-dhcp-client.action" pid=1056 comm="apparmor_parser"
[   19.802275] audit: type=1400 audit(1769303587.906:11): apparmor="STATUS" operation="profile_load" profile="unconfined" name="/usr/lib/NetworkManager/nm-dhcp-helper" pid=1056 comm="apparmor_parser"
[   19.909761] igb 0000:01:00.0 enp1s0f0: igb: enp1s0f0 NIC Link is Up 1000 Mbps Full Duplex, Flow Control: RX
[   19.937541] RPC: Registered named UNIX socket transport module.
[   19.937544] RPC: Registered udp transport module.
[   19.937545] RPC: Registered tcp transport module.
[   19.937546] RPC: Registered tcp-with-tls transport module.
[   19.937547] RPC: Registered tcp NFSv4.1 backchannel transport module.
[   25.384408] ipod: loading out-of-tree module taints kernel.
[   25.384415] ipod: module verification failed: signature and/or required key missing - tainting kernel
[   25.384944] initializing IPOD
[   27.802114] FS-Cache: Loaded
[  639.993908] systemd[1566]: memfd_create() called without MFD_EXEC or MFD_NOEXEC_SEAL set
[11878.104928] sh (11917): drop_caches: 1
[11878.580049] smpboot: CPU 20 is now offline
[11878.628131] smpboot: CPU 21 is now offline
[11878.676158] smpboot: CPU 22 is now offline
[11878.716067] smpboot: CPU 23 is now offline
[11878.764083] smpboot: CPU 24 is now offline
[11878.808056] smpboot: CPU 25 is now offline
[11878.856049] smpboot: CPU 26 is now offline
[11878.896050] smpboot: CPU 27 is now offline
[11878.944054] smpboot: CPU 28 is now offline
[11878.988102] smpboot: CPU 29 is now offline
[11879.028077] smpboot: CPU 30 is now offline
[11879.068112] smpboot: CPU 31 is now offline
[11879.116095] smpboot: CPU 32 is now offline
[11879.164105] smpboot: CPU 33 is now offline
[11879.204074] smpboot: CPU 34 is now offline
[11879.252090] smpboot: CPU 35 is now offline
[11879.300081] smpboot: CPU 36 is now offline
[11879.356096] smpboot: CPU 37 is now offline
[11879.396089] smpboot: CPU 38 is now offline
[11879.436081] smpboot: CPU 39 is now offline
[11879.498945] cache_ext: Cgroup cache_ext_test is a cache_ext cgroup
[11879.498953] cache_ext: Creating cache ext structures for node 0, num_buckets = 67108864
[11879.498956] cache_ext: Cgroup sees available memory: 168877232128 B (161053 MB)
[11879.552528] cache_ext: Creating cache ext structures for node 1, num_buckets = 67108864
[11879.552539] cache_ext: Cgroup sees available memory: 168877232128 B (161053 MB)
[11882.869887] cache_ext: Calling init
[11882.869891] cache_ext: Registering struct ops
[11889.741038] cache_ext: Unregistering struct ops
[11889.741043] cache_ext: unreg: Memcg pointer: 000000000d352b3d
[13491.255514] sh (12486): drop_caches: 1
[13491.682154] cache_ext: Cgroup cache_ext_test is a cache_ext cgroup
[13491.682163] cache_ext: Creating cache ext structures for node 0, num_buckets = 67108864
[13491.682166] cache_ext: Cgroup sees available memory: 168877232128 B (161053 MB)
[13491.734553] cache_ext: Creating cache ext structures for node 1, num_buckets = 67108864
[13491.734559] cache_ext: Cgroup sees available memory: 168877232128 B (161053 MB)
[13491.793949] Freeing valid folios set
[13491.810606] Freeing valid folios set
[13494.112506] cache_ext: Calling init
[13494.112511] cache_ext: Registering struct ops
[13688.183455] cache_ext: Unregistering struct ops
[13688.183463] cache_ext: unreg: Memcg pointer: 00000000464e18f3
[13688.583258] smpboot: Booting Node 0 Processor 20 APIC 0x1
[13688.590578] smpboot: Booting Node 0 Processor 21 APIC 0x3
[13688.598021] smpboot: Booting Node 0 Processor 22 APIC 0x5
[13688.605057] smpboot: Booting Node 0 Processor 23 APIC 0x7
[13688.612578] smpboot: Booting Node 0 Processor 24 APIC 0x9
[13688.619365] smpboot: Booting Node 0 Processor 25 APIC 0x11
[13688.627043] smpboot: Booting Node 0 Processor 26 APIC 0x13
[13688.634858] smpboot: Booting Node 0 Processor 27 APIC 0x15
[13688.642794] smpboot: Booting Node 0 Processor 28 APIC 0x17
[13688.649623] smpboot: Booting Node 0 Processor 29 APIC 0x19
[13688.657666] smpboot: Booting Node 1 Processor 30 APIC 0x21
[13688.665726] smpboot: Booting Node 1 Processor 31 APIC 0x23
[13688.674113] smpboot: Booting Node 1 Processor 32 APIC 0x25
[13688.682587] smpboot: Booting Node 1 Processor 33 APIC 0x27
[13688.691326] smpboot: Booting Node 1 Processor 34 APIC 0x29
[13688.700132] smpboot: Booting Node 1 Processor 35 APIC 0x31
[13688.708711] smpboot: Booting Node 1 Processor 36 APIC 0x33
[13688.716893] smpboot: Booting Node 1 Processor 37 APIC 0x35
[13688.725251] smpboot: Booting Node 1 Processor 38 APIC 0x37
[13688.734572] smpboot: Booting Node 1 Processor 39 APIC 0x39
[13985.044273] sh (12747): drop_caches: 1
[13985.472201] smpboot: CPU 20 is now offline
[13985.520241] smpboot: CPU 21 is now offline
[13985.576250] smpboot: CPU 22 is now offline
[13985.620238] smpboot: CPU 23 is now offline
[13985.668253] smpboot: CPU 24 is now offline
[13985.716224] smpboot: CPU 25 is now offline
[13985.764239] smpboot: CPU 26 is now offline
[13985.808237] smpboot: CPU 27 is now offline
[13985.848233] smpboot: CPU 28 is now offline
[13985.892221] smpboot: CPU 29 is now offline
[13985.932225] smpboot: CPU 30 is now offline
[13985.968225] smpboot: CPU 31 is now offline
[13986.008245] smpboot: CPU 32 is now offline
[13986.048228] smpboot: CPU 33 is now offline
[13986.084286] smpboot: CPU 34 is now offline
[13986.124230] smpboot: CPU 35 is now offline
[13986.164218] smpboot: CPU 36 is now offline
[13986.212231] smpboot: CPU 37 is now offline
[13986.252217] smpboot: CPU 38 is now offline
[13986.284222] smpboot: CPU 39 is now offline
[13986.344412] cache_ext: Cgroup cache_ext_test is a cache_ext cgroup
[13986.344419] cache_ext: Creating cache ext structures for node 0, num_buckets = 67108864
[13986.344422] cache_ext: Cgroup sees available memory: 168877232128 B (161053 MB)
[13986.397015] cache_ext: Creating cache ext structures for node 1, num_buckets = 67108864
[13986.397026] cache_ext: Cgroup sees available memory: 168877232128 B (161053 MB)
--- cache_ext_s3pfifo stopped at 1769317565.1993704 ---
